
Allocating common symbols
Common symbol       size              file

env_global          0x4               build/obj/local/mips/objs/decomon/multimon.o
abp_global          0x4               build/obj/local/mips/objs/decomon/multimon.o

Discarded input sections

 .mdebug.abi32  0x0000000000000000        0x0 C:/Intel/INDE/IDEintegration/NDK/platforms/android-19/arch-mips/usr/lib/crtbegin_so.o
 .note.GNU-stack
                0x0000000000000000        0x0 C:/Intel/INDE/IDEintegration/NDK/platforms/android-19/arch-mips/usr/lib/crtbegin_so.o
 .reginfo       0x0000000000000000       0x18 build/obj/local/mips/objs/decomon/hdlc.o
 .MIPS.abiflags
                0x0000000000000000       0x18 build/obj/local/mips/objs/decomon/hdlc.o
 .mdebug.abi32  0x0000000000000000        0x0 build/obj/local/mips/objs/decomon/hdlc.o
 .note.GNU-stack
                0x0000000000000000        0x0 build/obj/local/mips/objs/decomon/hdlc.o
 .reginfo       0x0000000000000000       0x18 build/obj/local/mips/objs/decomon/demod_afsk12.o
 .MIPS.abiflags
                0x0000000000000000       0x18 build/obj/local/mips/objs/decomon/demod_afsk12.o
 .mdebug.abi32  0x0000000000000000        0x0 build/obj/local/mips/objs/decomon/demod_afsk12.o
 .note.GNU-stack
                0x0000000000000000        0x0 build/obj/local/mips/objs/decomon/demod_afsk12.o
 .reginfo       0x0000000000000000       0x18 build/obj/local/mips/objs/decomon/pocsag.o
 .MIPS.abiflags
                0x0000000000000000       0x18 build/obj/local/mips/objs/decomon/pocsag.o
 .mdebug.abi32  0x0000000000000000        0x0 build/obj/local/mips/objs/decomon/pocsag.o
 .note.GNU-stack
                0x0000000000000000        0x0 build/obj/local/mips/objs/decomon/pocsag.o
 .reginfo       0x0000000000000000       0x18 build/obj/local/mips/objs/decomon/demod_dtmf.o
 .MIPS.abiflags
                0x0000000000000000       0x18 build/obj/local/mips/objs/decomon/demod_dtmf.o
 .mdebug.abi32  0x0000000000000000        0x0 build/obj/local/mips/objs/decomon/demod_dtmf.o
 .note.GNU-stack
                0x0000000000000000        0x0 build/obj/local/mips/objs/decomon/demod_dtmf.o
 .reginfo       0x0000000000000000       0x18 build/obj/local/mips/objs/decomon/demod_poc5.o
 .MIPS.abiflags
                0x0000000000000000       0x18 build/obj/local/mips/objs/decomon/demod_poc5.o
 .mdebug.abi32  0x0000000000000000        0x0 build/obj/local/mips/objs/decomon/demod_poc5.o
 .note.GNU-stack
                0x0000000000000000        0x0 build/obj/local/mips/objs/decomon/demod_poc5.o
 .reginfo       0x0000000000000000       0x18 build/obj/local/mips/objs/decomon/demod_poc12.o
 .MIPS.abiflags
                0x0000000000000000       0x18 build/obj/local/mips/objs/decomon/demod_poc12.o
 .mdebug.abi32  0x0000000000000000        0x0 build/obj/local/mips/objs/decomon/demod_poc12.o
 .note.GNU-stack
                0x0000000000000000        0x0 build/obj/local/mips/objs/decomon/demod_poc12.o
 .reginfo       0x0000000000000000       0x18 build/obj/local/mips/objs/decomon/demod_poc24.o
 .MIPS.abiflags
                0x0000000000000000       0x18 build/obj/local/mips/objs/decomon/demod_poc24.o
 .mdebug.abi32  0x0000000000000000        0x0 build/obj/local/mips/objs/decomon/demod_poc24.o
 .note.GNU-stack
                0x0000000000000000        0x0 build/obj/local/mips/objs/decomon/demod_poc24.o
 .reginfo       0x0000000000000000       0x18 build/obj/local/mips/objs/decomon/costabf.o
 .MIPS.abiflags
                0x0000000000000000       0x18 build/obj/local/mips/objs/decomon/costabf.o
 .mdebug.abi32  0x0000000000000000        0x0 build/obj/local/mips/objs/decomon/costabf.o
 .note.GNU-stack
                0x0000000000000000        0x0 build/obj/local/mips/objs/decomon/costabf.o
 .reginfo       0x0000000000000000       0x18 build/obj/local/mips/objs/decomon/costabi.o
 .MIPS.abiflags
                0x0000000000000000       0x18 build/obj/local/mips/objs/decomon/costabi.o
 .mdebug.abi32  0x0000000000000000        0x0 build/obj/local/mips/objs/decomon/costabi.o
 .note.GNU-stack
                0x0000000000000000        0x0 build/obj/local/mips/objs/decomon/costabi.o
 .reginfo       0x0000000000000000       0x18 build/obj/local/mips/objs/decomon/multimon.o
 .MIPS.abiflags
                0x0000000000000000       0x18 build/obj/local/mips/objs/decomon/multimon.o
 .mdebug.abi32  0x0000000000000000        0x0 build/obj/local/mips/objs/decomon/multimon.o
 .note.GNU-stack
                0x0000000000000000        0x0 build/obj/local/mips/objs/decomon/multimon.o
 .MIPS.abiflags
                0x0000000000000000       0x18 C:/Intel/INDE/IDEintegration/NDK/platforms/android-19/arch-mips/usr/lib/crtend_so.o
 .reginfo       0x0000000000000000       0x18 C:/Intel/INDE/IDEintegration/NDK/platforms/android-19/arch-mips/usr/lib/crtend_so.o
 .note.GNU-stack
                0x0000000000000000        0x0 C:/Intel/INDE/IDEintegration/NDK/platforms/android-19/arch-mips/usr/lib/crtend_so.o

Memory Configuration

Name             Origin             Length             Attributes
*default*        0x0000000000000000 0xffffffffffffffff

Linker script and memory map

LOAD C:/Intel/INDE/IDEintegration/NDK/platforms/android-19/arch-mips/usr/lib/crtbegin_so.o
LOAD build/obj/local/mips/objs/decomon/hdlc.o
LOAD build/obj/local/mips/objs/decomon/demod_afsk12.o
LOAD build/obj/local/mips/objs/decomon/pocsag.o
LOAD build/obj/local/mips/objs/decomon/demod_dtmf.o
LOAD build/obj/local/mips/objs/decomon/demod_poc5.o
LOAD build/obj/local/mips/objs/decomon/demod_poc12.o
LOAD build/obj/local/mips/objs/decomon/demod_poc24.o
LOAD build/obj/local/mips/objs/decomon/costabf.o
LOAD build/obj/local/mips/objs/decomon/costabi.o
LOAD build/obj/local/mips/objs/decomon/multimon.o
LOAD C:/Intel/INDE/IDEintegration/NDK/toolchains/mipsel-linux-android-4.8/prebuilt/windows-x86_64/bin/../lib/gcc/mipsel-linux-android/4.8\libgcc.a
LOAD C:/Intel/INDE/IDEintegration/NDK/platforms/android-19/arch-mips/usr/lib/libdl.so
LOAD C:/Intel/INDE/IDEintegration/NDK/platforms/android-19/arch-mips/usr/lib/liblog.so
LOAD C:/Intel/INDE/IDEintegration/NDK/platforms/android-19/arch-mips/usr/lib/libstdc++.so
LOAD C:/Intel/INDE/IDEintegration/NDK/platforms/android-19/arch-mips/usr/lib/libm.so
LOAD C:/Intel/INDE/IDEintegration/NDK/platforms/android-19/arch-mips/usr/lib/libc.so
LOAD C:/Intel/INDE/IDEintegration/NDK/toolchains/mipsel-linux-android-4.8/prebuilt/windows-x86_64/bin/../lib/gcc/mipsel-linux-android/4.8\libgcc.a
LOAD C:/Intel/INDE/IDEintegration/NDK/platforms/android-19/arch-mips/usr/lib/libc.so
LOAD C:/Intel/INDE/IDEintegration/NDK/platforms/android-19/arch-mips/usr/lib/libdl.so
LOAD C:/Intel/INDE/IDEintegration/NDK/toolchains/mipsel-linux-android-4.8/prebuilt/windows-x86_64/bin/../lib/gcc/mipsel-linux-android/4.8\libgcc.a
LOAD C:/Intel/INDE/IDEintegration/NDK/platforms/android-19/arch-mips/usr/lib/crtend_so.o
                0x0000000000000154                . = (0x0 + SIZEOF_HEADERS)

.MIPS.abiflags  0x0000000000000158       0x18
 *(.MIPS.abiflags)
 .MIPS.abiflags
                0x0000000000000158       0x18 C:/Intel/INDE/IDEintegration/NDK/platforms/android-19/arch-mips/usr/lib/crtbegin_so.o

.reginfo        0x0000000000000170       0x18
 *(.reginfo)
 .reginfo       0x0000000000000170       0x18 C:/Intel/INDE/IDEintegration/NDK/platforms/android-19/arch-mips/usr/lib/crtbegin_so.o

.note.gnu.build-id
 *(.note.gnu.build-id)

.hash           0x0000000000000188      0x18c
 *(.hash)
 .hash          0x0000000000000188      0x18c C:/Intel/INDE/IDEintegration/NDK/platforms/android-19/arch-mips/usr/lib/crtbegin_so.o

.gnu.hash
 *(.gnu.hash)

.dynsym         0x0000000000000314      0x3c0
 *(.dynsym)
 .dynsym        0x0000000000000314      0x3c0 C:/Intel/INDE/IDEintegration/NDK/platforms/android-19/arch-mips/usr/lib/crtbegin_so.o

.dynstr         0x00000000000006d4      0x33d
 *(.dynstr)
 .dynstr        0x00000000000006d4      0x33d C:/Intel/INDE/IDEintegration/NDK/platforms/android-19/arch-mips/usr/lib/crtbegin_so.o

.gnu.version    0x0000000000000a12        0x0
 *(.gnu.version)
 .gnu.version   0x0000000000000000        0x0 C:/Intel/INDE/IDEintegration/NDK/platforms/android-19/arch-mips/usr/lib/crtbegin_so.o

.gnu.version_d  0x0000000000000a14        0x0
 *(.gnu.version_d)
 .gnu.version_d
                0x0000000000000000        0x0 C:/Intel/INDE/IDEintegration/NDK/platforms/android-19/arch-mips/usr/lib/crtbegin_so.o

.gnu.version_r  0x0000000000000a14        0x0
 *(.gnu.version_r)
 .gnu.version_r
                0x0000000000000000        0x0 C:/Intel/INDE/IDEintegration/NDK/platforms/android-19/arch-mips/usr/lib/crtbegin_so.o

.rel.dyn        0x0000000000000a14      0x2d8
 *(.rel.init)
 *(.rel.text .rel.text.* .rel.gnu.linkonce.t.*)
 *(.rel.fini)
 *(.rel.rodata .rel.rodata.* .rel.gnu.linkonce.r.*)
 *(.rel.data.rel.ro .rel.data.rel.ro.* .rel.gnu.linkonce.d.rel.ro.*)
 *(.rel.data .rel.data.* .rel.gnu.linkonce.d.*)
 *(.rel.tdata .rel.tdata.* .rel.gnu.linkonce.td.*)
 *(.rel.tbss .rel.tbss.* .rel.gnu.linkonce.tb.*)
 *(.rel.ctors)
 *(.rel.dtors)
 *(.rel.got)
 *(.rel.dyn)
 .rel.dyn       0x0000000000000a14      0x2d8 C:/Intel/INDE/IDEintegration/NDK/platforms/android-19/arch-mips/usr/lib/crtbegin_so.o
 *(.rel.sdata .rel.sdata.* .rel.gnu.linkonce.s.*)
 *(.rel.sbss .rel.sbss.* .rel.gnu.linkonce.sb.*)
 *(.rel.sdata2 .rel.sdata2.* .rel.gnu.linkonce.s2.*)
 *(.rel.sbss2 .rel.sbss2.* .rel.gnu.linkonce.sb2.*)
 *(.rel.bss .rel.bss.* .rel.gnu.linkonce.b.*)
 *(.rel.iplt)

.rela.dyn
 *(.rela.init)
 *(.rela.text .rela.text.* .rela.gnu.linkonce.t.*)
 *(.rela.fini)
 *(.rela.rodata .rela.rodata.* .rela.gnu.linkonce.r.*)
 *(.rela.data .rela.data.* .rela.gnu.linkonce.d.*)
 *(.rela.tdata .rela.tdata.* .rela.gnu.linkonce.td.*)
 *(.rela.tbss .rela.tbss.* .rela.gnu.linkonce.tb.*)
 *(.rela.ctors)
 *(.rela.dtors)
 *(.rela.got)
 *(.rela.sdata .rela.sdata.* .rela.gnu.linkonce.s.*)
 *(.rela.sbss .rela.sbss.* .rela.gnu.linkonce.sb.*)
 *(.rela.sdata2 .rela.sdata2.* .rela.gnu.linkonce.s2.*)
 *(.rela.sbss2 .rela.sbss2.* .rela.gnu.linkonce.sb2.*)
 *(.rela.bss .rela.bss.* .rela.gnu.linkonce.b.*)
 *(.rela.iplt)

.rel.plt        0x0000000000000cec        0x0
 *(.rel.plt)
 .rel.plt       0x0000000000000000        0x0 C:/Intel/INDE/IDEintegration/NDK/platforms/android-19/arch-mips/usr/lib/crtbegin_so.o

.rela.plt
 *(.rela.plt)

.init
 *(SORT(.init))

.text           0x0000000000000cf0     0x4990
                0x0000000000000cf0                _ftext = .
 *(.text.unlikely .text.*_unlikely .text.unlikely.*)
 *(.text.exit .text.exit.*)
 .text.exit     0x0000000000000cf0       0x18 C:/Intel/INDE/IDEintegration/NDK/platforms/android-19/arch-mips/usr/lib/crtbegin_so.o
                0x0000000000000cf0                __on_dlclose
 *(.text.startup .text.startup.*)
 *(.text.hot .text.hot.*)
 *(.text .stub .text.* .gnu.linkonce.t.*)
 *fill*         0x0000000000000d08        0x8 
 .text          0x0000000000000d10       0x40 C:/Intel/INDE/IDEintegration/NDK/platforms/android-19/arch-mips/usr/lib/crtbegin_so.o
                0x0000000000000d10                __atexit_handler_wrapper
                0x0000000000000d28                atexit
 .text          0x0000000000000d50        0x0 build/obj/local/mips/objs/decomon/hdlc.o
 .text.ax25_disp_packet.isra.0
                0x0000000000000d50      0xd78 build/obj/local/mips/objs/decomon/hdlc.o
 .text.hdlc_init
                0x0000000000001ac8       0x64 build/obj/local/mips/objs/decomon/hdlc.o
                0x0000000000001ac8                hdlc_init
 .text.hdlc_rxbit
                0x0000000000001b2c      0x170 build/obj/local/mips/objs/decomon/hdlc.o
                0x0000000000001b2c                hdlc_rxbit
 *fill*         0x0000000000001c9c        0x4 
 .text          0x0000000000001ca0        0x0 build/obj/local/mips/objs/decomon/demod_afsk12.o
 .text.afsk12_demod
                0x0000000000001ca0      0x31c build/obj/local/mips/objs/decomon/demod_afsk12.o
 .text.afsk12_init
                0x0000000000001fbc      0x1bc build/obj/local/mips/objs/decomon/demod_afsk12.o
 *fill*         0x0000000000002178        0x8 
 .text          0x0000000000002180        0x0 build/obj/local/mips/objs/decomon/pocsag.o
 .text.pocsag_printmessage.part.3
                0x0000000000002180      0xd00 build/obj/local/mips/objs/decomon/pocsag.o
 .text.pocsag_printmessage
                0x0000000000002e80      0x1f4 build/obj/local/mips/objs/decomon/pocsag.o
 .text.pocsag_brute_repair.part.4
                0x0000000000003074      0x6c8 build/obj/local/mips/objs/decomon/pocsag.o
 .text.pocsag_init
                0x000000000000373c       0x50 build/obj/local/mips/objs/decomon/pocsag.o
                0x000000000000373c                pocsag_init
 .text.pocsag_deinit
                0x000000000000378c      0x1b4 build/obj/local/mips/objs/decomon/pocsag.o
                0x000000000000378c                pocsag_deinit
 .text.pocsag_brute_repair
                0x0000000000003940      0x168 build/obj/local/mips/objs/decomon/pocsag.o
                0x0000000000003940                pocsag_brute_repair
 .text.do_one_bit
                0x0000000000003aa8      0x4ec build/obj/local/mips/objs/decomon/pocsag.o
 .text.pocsag_rxbit
                0x0000000000003f94      0x584 build/obj/local/mips/objs/decomon/pocsag.o
                0x0000000000003f94                pocsag_rxbit
 *fill*         0x0000000000004518        0x8 
 .text          0x0000000000004520        0x0 build/obj/local/mips/objs/decomon/demod_dtmf.o
 .text.dtmf_init
                0x0000000000004520       0x20 build/obj/local/mips/objs/decomon/demod_dtmf.o
 .text.dtmf_demod
                0x0000000000004540      0x514 build/obj/local/mips/objs/decomon/demod_dtmf.o
 *fill*         0x0000000000004a54        0xc 
 .text          0x0000000000004a60        0x0 build/obj/local/mips/objs/decomon/demod_poc5.o
 .text.poc5_deinit
                0x0000000000004a60       0x18 build/obj/local/mips/objs/decomon/demod_poc5.o
 .text.poc5_demod
                0x0000000000004a78      0x1b8 build/obj/local/mips/objs/decomon/demod_poc5.o
 .text.poc5_init
                0x0000000000004c30       0x68 build/obj/local/mips/objs/decomon/demod_poc5.o
 *fill*         0x0000000000004c98        0x8 
 .text          0x0000000000004ca0        0x0 build/obj/local/mips/objs/decomon/demod_poc12.o
 .text.poc12_deinit
                0x0000000000004ca0       0x18 build/obj/local/mips/objs/decomon/demod_poc12.o
 .text.poc12_demod
                0x0000000000004cb8      0x1cc build/obj/local/mips/objs/decomon/demod_poc12.o
 .text.poc12_init
                0x0000000000004e84       0x68 build/obj/local/mips/objs/decomon/demod_poc12.o
 *fill*         0x0000000000004eec        0x4 
 .text          0x0000000000004ef0        0x0 build/obj/local/mips/objs/decomon/demod_poc24.o
 .text.poc24_deinit
                0x0000000000004ef0       0x18 build/obj/local/mips/objs/decomon/demod_poc24.o
 .text.poc24_demod
                0x0000000000004f08      0x150 build/obj/local/mips/objs/decomon/demod_poc24.o
 .text.poc24_init
                0x0000000000005058       0x68 build/obj/local/mips/objs/decomon/demod_poc24.o
 .text          0x00000000000050c0        0x0 build/obj/local/mips/objs/decomon/costabf.o
 .text          0x00000000000050c0        0x0 build/obj/local/mips/objs/decomon/costabi.o
 .text          0x00000000000050c0        0x0 build/obj/local/mips/objs/decomon/multimon.o
 .text.verbprintf
                0x00000000000050c0        0xc build/obj/local/mips/objs/decomon/multimon.o
                0x00000000000050c0                verbprintf
 .text.JNI_OnLoad
                0x00000000000050cc       0x48 build/obj/local/mips/objs/decomon/multimon.o
                0x00000000000050cc                JNI_OnLoad
 .text.Java_com_geeksynergy_airpaper_AudioBufferProcessor_init
                0x0000000000005114      0x1cc build/obj/local/mips/objs/decomon/multimon.o
                0x0000000000005114                Java_com_geeksynergy_airpaper_AudioBufferProcessor_init
 .text.Java_com_geeksynergy_airpaper_AudioBufferProcessor_processBuffer2
                0x00000000000052e0      0x180 build/obj/local/mips/objs/decomon/multimon.o
                0x00000000000052e0                Java_com_geeksynergy_airpaper_AudioBufferProcessor_processBuffer2
 .text.Java_com_geeksynergy_airpaper_AudioBufferProcessor_processBuffer
                0x0000000000005460       0xb4 build/obj/local/mips/objs/decomon/multimon.o
                0x0000000000005460                Java_com_geeksynergy_airpaper_AudioBufferProcessor_processBuffer
 .text.send_frame_to_java
                0x0000000000005514      0x16c build/obj/local/mips/objs/decomon/multimon.o
                0x0000000000005514                send_frame_to_java
 .text          0x0000000000005680        0x0 C:/Intel/INDE/IDEintegration/NDK/platforms/android-19/arch-mips/usr/lib/crtend_so.o
 *(.gnu.warning)
 *(.mips16.fn.*)
 *(.mips16.call.*)

.MIPS.stubs     0x0000000000005680      0x150
 .MIPS.stubs    0x0000000000005680      0x150 C:/Intel/INDE/IDEintegration/NDK/platforms/android-19/arch-mips/usr/lib/crtbegin_so.o
                0x0000000000005680                memmove
                0x0000000000005680                _MIPS_STUBS_
                0x0000000000005690                snprintf
                0x00000000000056a0                mknod
                0x00000000000056b0                memcpy
                0x00000000000056c0                __cxa_finalize
                0x00000000000056d0                malloc
                0x00000000000056e0                __android_log_print
                0x00000000000056f0                fflush
                0x0000000000005700                fprintf
                0x0000000000005710                cos
                0x0000000000005720                sin
                0x0000000000005730                unlink
                0x0000000000005740                __cxa_atexit
                0x0000000000005750                fopen
                0x0000000000005760                memset
                0x0000000000005770                fputc
                0x0000000000005780                fwrite
                0x0000000000005790                exit
                0x00000000000057a0                strlen
                0x00000000000057b0                free

.fini
 *(SORT(.fini))
                0x00000000000057d0                PROVIDE (__etext, .)
                0x00000000000057d0                PROVIDE (_etext, .)
                0x00000000000057d0                PROVIDE (etext, .)

.rodata         0x00000000000057d0      0xa48
 *(.rodata .rodata.* .gnu.linkonce.r.*)
 .rodata.str1.4
                0x00000000000057d0      0x10a build/obj/local/mips/objs/decomon/hdlc.o
                                        0x110 (size before relaxing)
 *fill*         0x00000000000058da        0x6 
 .rodata        0x00000000000058e0      0x200 build/obj/local/mips/objs/decomon/hdlc.o
 .rodata.str1.4
                0x0000000000005ae0       0x41 build/obj/local/mips/objs/decomon/demod_afsk12.o
                                         0x48 (size before relaxing)
 *fill*         0x0000000000005b21        0x7 
 .rodata.cst8   0x0000000000005b28       0x18 build/obj/local/mips/objs/decomon/demod_afsk12.o
 .rodata.str1.4
                0x0000000000005b40      0x48e build/obj/local/mips/objs/decomon/pocsag.o
                                        0x4b0 (size before relaxing)
 *fill*         0x0000000000005fce        0x2 
 .rodata        0x0000000000005fd0       0x30 build/obj/local/mips/objs/decomon/pocsag.o
 .rodata.cst8   0x0000000000006000       0x10 build/obj/local/mips/objs/decomon/pocsag.o
 .rodata.str1.4
                0x0000000000006010       0x71 build/obj/local/mips/objs/decomon/demod_dtmf.o
                                         0x88 (size before relaxing)
 *fill*         0x0000000000006081        0xf 
 .rodata        0x0000000000006090       0x20 build/obj/local/mips/objs/decomon/demod_dtmf.o
 .rodata.cst4   0x00000000000060b0        0x4 build/obj/local/mips/objs/decomon/demod_dtmf.o
 *fill*         0x00000000000060b4        0x4 
 .rodata.cst8   0x00000000000060b8       0x10 build/obj/local/mips/objs/decomon/demod_dtmf.o
 .rodata.str1.4
                0x00000000000060c8        0xa build/obj/local/mips/objs/decomon/demod_poc5.o
                                         0x10 (size before relaxing)
 *fill*         0x00000000000060d2        0x2 
 .rodata.str1.4
                0x00000000000060d4        0xb build/obj/local/mips/objs/decomon/demod_poc12.o
                                         0x10 (size before relaxing)
 *fill*         0x00000000000060df        0x1 
 .rodata.str1.4
                0x00000000000060e0        0xb build/obj/local/mips/objs/decomon/demod_poc24.o
                                         0x10 (size before relaxing)
 *fill*         0x00000000000060eb        0x1 
 .rodata.str1.4
                0x00000000000060ec      0x124 build/obj/local/mips/objs/decomon/multimon.o
                                        0x138 (size before relaxing)
 .rodata.cst8   0x0000000000006210        0x8 build/obj/local/mips/objs/decomon/multimon.o

.rodata1
 *(.rodata1)

.eh_frame_hdr   0x0000000000006218       0xfc
 *(.eh_frame_hdr)
 .eh_frame_hdr  0x0000000000006218       0xfc build/obj/local/mips/objs/decomon/hdlc.o

.eh_frame       0x0000000000006314      0x5fc
 *(.eh_frame)
 .eh_frame      0x0000000000006314       0xc4 build/obj/local/mips/objs/decomon/hdlc.o
 .eh_frame      0x00000000000063d8       0x90 build/obj/local/mips/objs/decomon/demod_afsk12.o
                                         0xa4 (size before relaxing)
 .eh_frame      0x0000000000006468      0x1e0 build/obj/local/mips/objs/decomon/pocsag.o
                                        0x1f4 (size before relaxing)
 .eh_frame      0x0000000000006648       0x64 build/obj/local/mips/objs/decomon/demod_dtmf.o
                                         0x78 (size before relaxing)
 .eh_frame      0x00000000000066ac       0x78 build/obj/local/mips/objs/decomon/demod_poc5.o
                                         0x8c (size before relaxing)
 .eh_frame      0x0000000000006724       0x7c build/obj/local/mips/objs/decomon/demod_poc12.o
                                         0x90 (size before relaxing)
 .eh_frame      0x00000000000067a0       0x6c build/obj/local/mips/objs/decomon/demod_poc24.o
                                         0x80 (size before relaxing)
 .eh_frame      0x000000000000680c      0x104 build/obj/local/mips/objs/decomon/multimon.o
                                        0x118 (size before relaxing)

.gcc_except_table
 *(.gcc_except_table .gcc_except_table.*)

.exception_ranges
 *(.exception_ranges .exception_ranges*)

.plt            0x0000000000006910        0x0
 *(.plt)
 .plt           0x0000000000000000        0x0 C:/Intel/INDE/IDEintegration/NDK/platforms/android-19/arch-mips/usr/lib/crtbegin_so.o

.iplt
 *(.iplt)
                0x0000000000010000                . = ALIGN (0x10000)
                0x0000000000010d08                . = DATA_SEGMENT_ALIGN (0x10000, 0x1000)

.eh_frame
 *(.eh_frame)

.gcc_except_table
 *(.gcc_except_table .gcc_except_table.*)

.exception_ranges
 *(.exception_ranges .exception_ranges*)

.tdata
 *(.tdata .tdata.* .gnu.linkonce.td.*)

.tbss
 *(.tbss .tbss.* .gnu.linkonce.tb.*)
 *(.tcommon)
                0x0000000000010d08                . = ALIGN (0x4)

.preinit_array
 *(.preinit_array)

.init_array     0x0000000000010d08        0x4
 *crtbegin*.o(.init_array)
 *(SORT(.init_array.*) SORT(.ctors.*))
 *(.init_array EXCLUDE_FILE(*crtend*.o *crtend.o *crtbegin*.o *crtbegin.o) .ctors)
 .init_array    0x0000000000010d08        0x4 C:/Intel/INDE/IDEintegration/NDK/platforms/android-19/arch-mips/usr/lib/crtend_so.o

.fini_array     0x0000000000010d0c        0x8
 *crtbegin*.o(.fini_array)
 .fini_array    0x0000000000010d0c        0x4 C:/Intel/INDE/IDEintegration/NDK/platforms/android-19/arch-mips/usr/lib/crtbegin_so.o
 *(SORT(.fini_array.*) SORT(.dtors.*))
 *(.fini_array EXCLUDE_FILE(*crtend*.o *crtend.o *crtbegin*.o *crtbegin.o) .dtors)
 .fini_array    0x0000000000010d10        0x4 C:/Intel/INDE/IDEintegration/NDK/platforms/android-19/arch-mips/usr/lib/crtend_so.o

.ctors
 *crtbegin.o(.ctors)
 *crtbegin*.o(.ctors)
 *(EXCLUDE_FILE(*crtend*.o *crtend.o) .ctors)
 *(SORT(.ctors.*))
 *(.ctors)

.dtors
 *crtbegin.o(.dtors)
 *crtbegin*.o(.dtors)
 *(EXCLUDE_FILE(*crtend*.o *crtend.o) .dtors)
 *(SORT(.dtors.*))
 *(.dtors)

.jcr
 *(.jcr)

.data.rel.ro    0x0000000000010d14      0x1cc
 *(.data.rel.ro.local* .gnu.linkonce.d.rel.ro.local.*)
 .data.rel.ro.local
                0x0000000000010d14       0x1c build/obj/local/mips/objs/decomon/demod_afsk12.o
                0x0000000000010d14                demod_afsk1200
 .data.rel.ro.local
                0x0000000000010d30      0x140 build/obj/local/mips/objs/decomon/pocsag.o
 .data.rel.ro.local
                0x0000000000010e70       0x1c build/obj/local/mips/objs/decomon/demod_dtmf.o
                0x0000000000010e70                demod_dtmf
 .data.rel.ro.local
                0x0000000000010e8c       0x1c build/obj/local/mips/objs/decomon/demod_poc5.o
                0x0000000000010e8c                demod_poc5
 .data.rel.ro.local
                0x0000000000010ea8       0x1c build/obj/local/mips/objs/decomon/demod_poc12.o
                0x0000000000010ea8                demod_poc12
 .data.rel.ro.local
                0x0000000000010ec4       0x1c build/obj/local/mips/objs/decomon/demod_poc24.o
                0x0000000000010ec4                demod_poc24
 *(.data.rel.ro .data.rel.ro.* .gnu.linkonce.d.rel.ro.*)

.got.plt        0x0000000000010ee0        0x0
 *(.got.plt)
 .got.plt       0x0000000000000000        0x0 C:/Intel/INDE/IDEintegration/NDK/platforms/android-19/arch-mips/usr/lib/crtbegin_so.o

.dynamic        0x0000000000010ee0      0x120
 *(.dynamic)
 .dynamic       0x0000000000010ee0      0x120 C:/Intel/INDE/IDEintegration/NDK/platforms/android-19/arch-mips/usr/lib/crtbegin_so.o
                0x0000000000010ee0                _DYNAMIC
                0x0000000000011000                . = DATA_SEGMENT_RELRO_END (., 0x0)

.data           0x0000000000011000     0x2030
                0x0000000000011000                _fdata = .
 *(.data .data.* .gnu.linkonce.d.*)
 .data          0x0000000000011000       0x10 C:/Intel/INDE/IDEintegration/NDK/platforms/android-19/arch-mips/usr/lib/crtbegin_so.o
                0x0000000000011000                __dso_handle
 .data          0x0000000000011010        0x0 build/obj/local/mips/objs/decomon/hdlc.o
 .data          0x0000000000011010        0x0 build/obj/local/mips/objs/decomon/demod_afsk12.o
 .data          0x0000000000011010       0x10 build/obj/local/mips/objs/decomon/pocsag.o
                0x0000000000011010                pocsag_error_correction
 .data          0x0000000000011020        0x0 build/obj/local/mips/objs/decomon/demod_dtmf.o
 .data          0x0000000000011020        0x0 build/obj/local/mips/objs/decomon/demod_poc5.o
 .data          0x0000000000011020        0x0 build/obj/local/mips/objs/decomon/demod_poc12.o
 .data          0x0000000000011020        0x0 build/obj/local/mips/objs/decomon/demod_poc24.o
 .data          0x0000000000011020     0x1000 build/obj/local/mips/objs/decomon/costabf.o
                0x0000000000011020                costabf
 .data          0x0000000000012020     0x1000 build/obj/local/mips/objs/decomon/costabi.o
                0x0000000000012020                costabi
 .data          0x0000000000013020       0x10 build/obj/local/mips/objs/decomon/multimon.o
 .data          0x0000000000013030        0x0 C:/Intel/INDE/IDEintegration/NDK/platforms/android-19/arch-mips/usr/lib/crtend_so.o

.data1
 *(.data1)
                0x0000000000013030                . = .
                0x0000000000013030                . = .
                0x000000000001b020                _gp = (ALIGN (0x10) + 0x7ff0)

.got            0x0000000000013030       0xc4
 *(.got)
 .got           0x0000000000013030       0xc4 C:/Intel/INDE/IDEintegration/NDK/platforms/android-19/arch-mips/usr/lib/crtbegin_so.o
                0x0000000000013030                _GLOBAL_OFFSET_TABLE_

.sdata
 *(.sdata2 .sdata2.* .gnu.linkonce.s2.*)
 *(.sdata .sdata.* .gnu.linkonce.s.*)

.lit8
 *(.lit8)

.lit4
 *(.lit4)
                0x00000000000130f4                _edata = .
                0x00000000000130f4                PROVIDE (edata, .)
                0x00000000000130f4                . = .
                0x00000000000130f4                __bss_start = .
                0x00000000000130f4                _fbss = .

.sbss           0x00000000000130f4        0x8
 *(.sbss2 .sbss2.* .gnu.linkonce.sb2.*)
 *(.dynsbss)
 *(.sbss .sbss.* .gnu.linkonce.sb.*)
 *(.scommon)
 .scommon       0x00000000000130f4        0x8 build/obj/local/mips/objs/decomon/multimon.o
                0x00000000000130f4                env_global
                0x00000000000130f8                abp_global

.bss            0x0000000000013100    0x105c0
 *(.dynbss)
 .dynbss        0x0000000000000000        0x0 C:/Intel/INDE/IDEintegration/NDK/platforms/android-19/arch-mips/usr/lib/crtbegin_so.o
 *(.bss .bss.* .gnu.linkonce.b.*)
 .bss           0x0000000000013100        0x0 C:/Intel/INDE/IDEintegration/NDK/platforms/android-19/arch-mips/usr/lib/crtbegin_so.o
 .bss           0x0000000000013100       0x10 build/obj/local/mips/objs/decomon/hdlc.o
 .bss           0x0000000000013110      0x120 build/obj/local/mips/objs/decomon/demod_afsk12.o
 .bss           0x0000000000013230       0x20 build/obj/local/mips/objs/decomon/pocsag.o
                0x0000000000013230                pocsag_prune_empty
                0x0000000000013234                pocsag_heuristic_pruning
                0x0000000000013238                pocsag_show_partial_decodes
                0x000000000001323c                pocsag_invert_input
                0x0000000000013240                pocsag_mode
 .bss           0x0000000000013250        0x0 build/obj/local/mips/objs/decomon/demod_dtmf.o
 .bss           0x0000000000013250        0x0 build/obj/local/mips/objs/decomon/demod_poc5.o
 .bss           0x0000000000013250        0x0 build/obj/local/mips/objs/decomon/demod_poc12.o
 .bss           0x0000000000013250        0x0 build/obj/local/mips/objs/decomon/demod_poc24.o
 .bss           0x0000000000013250        0x0 build/obj/local/mips/objs/decomon/costabf.o
 .bss           0x0000000000013250        0x0 build/obj/local/mips/objs/decomon/costabi.o
 .bss           0x0000000000013250    0x10470 build/obj/local/mips/objs/decomon/multimon.o
 .bss           0x00000000000236c0        0x0 C:/Intel/INDE/IDEintegration/NDK/platforms/android-19/arch-mips/usr/lib/crtend_so.o
 *(COMMON)
                0x00000000000236c0                . = ALIGN (0x4)
                0x00000000000236c0                . = ALIGN (0x4)
                0x00000000000236c0                . = SEGMENT_START ("ldata-segment", .)
                0x00000000000236c0                . = ALIGN (0x4)
                0x00000000000236c0                _end = .
                0x00000000000236c0                _bss_end__ = .
                0x00000000000236c0                __bss_end__ = .
                0x00000000000236c0                __end__ = .
                0x00000000000236c0                PROVIDE (end, .)
                0x00000000000236c0                . = DATA_SEGMENT_END (.)

.stab
 *(.stab)

.stabstr
 *(.stabstr)

.stab.excl
 *(.stab.excl)

.stab.exclstr
 *(.stab.exclstr)

.stab.index
 *(.stab.index)

.stab.indexstr
 *(.stab.indexstr)

.comment        0x0000000000000000       0x34
 *(.comment)
 .comment       0x0000000000000000       0x25 C:/Intel/INDE/IDEintegration/NDK/platforms/android-19/arch-mips/usr/lib/crtbegin_so.o
                                         0x26 (size before relaxing)
 .comment       0x0000000000000025        0xf build/obj/local/mips/objs/decomon/hdlc.o
                                         0x10 (size before relaxing)
 .comment       0x0000000000000000       0x10 build/obj/local/mips/objs/decomon/demod_afsk12.o
 .comment       0x0000000000000000       0x10 build/obj/local/mips/objs/decomon/pocsag.o
 .comment       0x0000000000000000       0x10 build/obj/local/mips/objs/decomon/demod_dtmf.o
 .comment       0x0000000000000000       0x10 build/obj/local/mips/objs/decomon/demod_poc5.o
 .comment       0x0000000000000000       0x10 build/obj/local/mips/objs/decomon/demod_poc12.o
 .comment       0x0000000000000000       0x10 build/obj/local/mips/objs/decomon/demod_poc24.o
 .comment       0x0000000000000000       0x10 build/obj/local/mips/objs/decomon/costabf.o
 .comment       0x0000000000000000       0x10 build/obj/local/mips/objs/decomon/costabi.o
 .comment       0x0000000000000000       0x10 build/obj/local/mips/objs/decomon/multimon.o

.pdr            0x0000000000000000      0x420
 .pdr           0x0000000000000000       0x60 C:/Intel/INDE/IDEintegration/NDK/platforms/android-19/arch-mips/usr/lib/crtbegin_so.o
 .pdr           0x0000000000000060       0x60 build/obj/local/mips/objs/decomon/hdlc.o
 .pdr           0x00000000000000c0       0x40 build/obj/local/mips/objs/decomon/demod_afsk12.o
 .pdr           0x0000000000000100      0x100 build/obj/local/mips/objs/decomon/pocsag.o
 .pdr           0x0000000000000200       0x40 build/obj/local/mips/objs/decomon/demod_dtmf.o
 .pdr           0x0000000000000240       0x60 build/obj/local/mips/objs/decomon/demod_poc5.o
 .pdr           0x00000000000002a0       0x60 build/obj/local/mips/objs/decomon/demod_poc12.o
 .pdr           0x0000000000000300       0x60 build/obj/local/mips/objs/decomon/demod_poc24.o
 .pdr           0x0000000000000360        0x0 build/obj/local/mips/objs/decomon/costabf.o
 .pdr           0x0000000000000360        0x0 build/obj/local/mips/objs/decomon/costabi.o
 .pdr           0x0000000000000360       0xc0 build/obj/local/mips/objs/decomon/multimon.o
 .pdr           0x0000000000000420        0x0 C:/Intel/INDE/IDEintegration/NDK/platforms/android-19/arch-mips/usr/lib/crtend_so.o

.debug
 *(.debug)

.line
 *(.line)

.debug_srcinfo
 *(.debug_srcinfo)

.debug_sfnames
 *(.debug_sfnames)

.debug_aranges  0x0000000000000000      0x1e0
 *(.debug_aranges)
 .debug_aranges
                0x0000000000000000       0x30 build/obj/local/mips/objs/decomon/hdlc.o
 .debug_aranges
                0x0000000000000030       0x28 build/obj/local/mips/objs/decomon/demod_afsk12.o
 .debug_aranges
                0x0000000000000058       0x58 build/obj/local/mips/objs/decomon/pocsag.o
 .debug_aranges
                0x00000000000000b0       0x28 build/obj/local/mips/objs/decomon/demod_dtmf.o
 .debug_aranges
                0x00000000000000d8       0x30 build/obj/local/mips/objs/decomon/demod_poc5.o
 .debug_aranges
                0x0000000000000108       0x30 build/obj/local/mips/objs/decomon/demod_poc12.o
 .debug_aranges
                0x0000000000000138       0x30 build/obj/local/mips/objs/decomon/demod_poc24.o
 .debug_aranges
                0x0000000000000168       0x18 build/obj/local/mips/objs/decomon/costabf.o
 .debug_aranges
                0x0000000000000180       0x18 build/obj/local/mips/objs/decomon/costabi.o
 .debug_aranges
                0x0000000000000198       0x48 build/obj/local/mips/objs/decomon/multimon.o

.debug_pubnames
 *(.debug_pubnames)

.debug_info     0x0000000000000000     0x9c09
 *(.debug_info .gnu.linkonce.wi.*)
 .debug_info    0x0000000000000000     0x116f build/obj/local/mips/objs/decomon/hdlc.o
 .debug_info    0x000000000000116f      0xaeb build/obj/local/mips/objs/decomon/demod_afsk12.o
 .debug_info    0x0000000000001c5a     0x2423 build/obj/local/mips/objs/decomon/pocsag.o
 .debug_info    0x000000000000407d      0xa77 build/obj/local/mips/objs/decomon/demod_dtmf.o
 .debug_info    0x0000000000004af4      0x7a7 build/obj/local/mips/objs/decomon/demod_poc5.o
 .debug_info    0x000000000000529b      0x7a7 build/obj/local/mips/objs/decomon/demod_poc12.o
 .debug_info    0x0000000000005a42      0x78e build/obj/local/mips/objs/decomon/demod_poc24.o
 .debug_info    0x00000000000061d0       0x4e build/obj/local/mips/objs/decomon/costabf.o
 .debug_info    0x000000000000621e       0x4e build/obj/local/mips/objs/decomon/costabi.o
 .debug_info    0x000000000000626c     0x399d build/obj/local/mips/objs/decomon/multimon.o

.debug_abbrev   0x0000000000000000     0x11d6
 *(.debug_abbrev)
 .debug_abbrev  0x0000000000000000      0x204 build/obj/local/mips/objs/decomon/hdlc.o
 .debug_abbrev  0x0000000000000204      0x23a build/obj/local/mips/objs/decomon/demod_afsk12.o
 .debug_abbrev  0x000000000000043e      0x38d build/obj/local/mips/objs/decomon/pocsag.o
 .debug_abbrev  0x00000000000007cb      0x246 build/obj/local/mips/objs/decomon/demod_dtmf.o
 .debug_abbrev  0x0000000000000a11      0x171 build/obj/local/mips/objs/decomon/demod_poc5.o
 .debug_abbrev  0x0000000000000b82      0x171 build/obj/local/mips/objs/decomon/demod_poc12.o
 .debug_abbrev  0x0000000000000cf3      0x159 build/obj/local/mips/objs/decomon/demod_poc24.o
 .debug_abbrev  0x0000000000000e4c       0x3e build/obj/local/mips/objs/decomon/costabf.o
 .debug_abbrev  0x0000000000000e8a       0x49 build/obj/local/mips/objs/decomon/costabi.o
 .debug_abbrev  0x0000000000000ed3      0x303 build/obj/local/mips/objs/decomon/multimon.o

.debug_line     0x0000000000000000     0x1b61
 *(.debug_line .debug_line.* .debug_line_end)
 .debug_line    0x0000000000000000      0x3cd build/obj/local/mips/objs/decomon/hdlc.o
 .debug_line    0x00000000000003cd      0x280 build/obj/local/mips/objs/decomon/demod_afsk12.o
 .debug_line    0x000000000000064d      0x96a build/obj/local/mips/objs/decomon/pocsag.o
 .debug_line    0x0000000000000fb7      0x284 build/obj/local/mips/objs/decomon/demod_dtmf.o
 .debug_line    0x000000000000123b      0x185 build/obj/local/mips/objs/decomon/demod_poc5.o
 .debug_line    0x00000000000013c0      0x188 build/obj/local/mips/objs/decomon/demod_poc12.o
 .debug_line    0x0000000000001548      0x173 build/obj/local/mips/objs/decomon/demod_poc24.o
 .debug_line    0x00000000000016bb       0x37 build/obj/local/mips/objs/decomon/costabf.o
 .debug_line    0x00000000000016f2       0x37 build/obj/local/mips/objs/decomon/costabi.o
 .debug_line    0x0000000000001729      0x438 build/obj/local/mips/objs/decomon/multimon.o

.debug_frame
 *(.debug_frame)

.debug_str      0x0000000000000000     0x21a8
 *(.debug_str)
 .debug_str     0x0000000000000000      0x678 build/obj/local/mips/objs/decomon/hdlc.o
                                        0x75b (size before relaxing)
 .debug_str     0x0000000000000678      0x14c build/obj/local/mips/objs/decomon/demod_afsk12.o
                                        0x7af (size before relaxing)
 .debug_str     0x00000000000007c4      0x333 build/obj/local/mips/objs/decomon/pocsag.o
                                        0xb03 (size before relaxing)
 .debug_str     0x0000000000000af7       0x84 build/obj/local/mips/objs/decomon/demod_dtmf.o
                                        0x7a9 (size before relaxing)
 .debug_str     0x0000000000000b7b       0x46 build/obj/local/mips/objs/decomon/demod_poc5.o
                                        0x6b3 (size before relaxing)
 .debug_str     0x0000000000000bc1       0x4b build/obj/local/mips/objs/decomon/demod_poc12.o
                                        0x6b8 (size before relaxing)
 .debug_str     0x0000000000000c0c       0x4b build/obj/local/mips/objs/decomon/demod_poc24.o
                                        0x6b0 (size before relaxing)
 .debug_str     0x0000000000000c57       0x17 build/obj/local/mips/objs/decomon/costabf.o
                                        0x195 (size before relaxing)
 .debug_str     0x0000000000000c6e       0x1f build/obj/local/mips/objs/decomon/costabi.o
                                        0x18f (size before relaxing)
 .debug_str     0x0000000000000c8d     0x151b build/obj/local/mips/objs/decomon/multimon.o
                                       0x1c87 (size before relaxing)

.debug_loc      0x0000000000000000     0x41e7
 *(.debug_loc)
 .debug_loc     0x0000000000000000      0x57b build/obj/local/mips/objs/decomon/hdlc.o
 .debug_loc     0x000000000000057b      0x441 build/obj/local/mips/objs/decomon/demod_afsk12.o
 .debug_loc     0x00000000000009bc     0x2b74 build/obj/local/mips/objs/decomon/pocsag.o
 .debug_loc     0x0000000000003530      0x3fa build/obj/local/mips/objs/decomon/demod_dtmf.o
 .debug_loc     0x000000000000392a      0x150 build/obj/local/mips/objs/decomon/demod_poc5.o
 .debug_loc     0x0000000000003a7a      0x13e build/obj/local/mips/objs/decomon/demod_poc12.o
 .debug_loc     0x0000000000003bb8      0x105 build/obj/local/mips/objs/decomon/demod_poc24.o
 .debug_loc     0x0000000000003cbd      0x52a build/obj/local/mips/objs/decomon/multimon.o

.debug_macinfo
 *(.debug_macinfo)

.debug_weaknames
 *(.debug_weaknames)

.debug_funcnames
 *(.debug_funcnames)

.debug_typenames
 *(.debug_typenames)

.debug_varnames
 *(.debug_varnames)

.debug_pubtypes
 *(.debug_pubtypes)

.debug_ranges   0x0000000000000000      0x958
 *(.debug_ranges)
 .debug_ranges  0x0000000000000000       0x20 build/obj/local/mips/objs/decomon/hdlc.o
 .debug_ranges  0x0000000000000020       0x90 build/obj/local/mips/objs/decomon/demod_afsk12.o
 .debug_ranges  0x00000000000000b0      0x710 build/obj/local/mips/objs/decomon/pocsag.o
 .debug_ranges  0x00000000000007c0       0x70 build/obj/local/mips/objs/decomon/demod_dtmf.o
 .debug_ranges  0x0000000000000830       0x38 build/obj/local/mips/objs/decomon/demod_poc5.o
 .debug_ranges  0x0000000000000868       0x38 build/obj/local/mips/objs/decomon/demod_poc12.o
 .debug_ranges  0x00000000000008a0       0x20 build/obj/local/mips/objs/decomon/demod_poc24.o
 .debug_ranges  0x00000000000008c0       0x98 build/obj/local/mips/objs/decomon/multimon.o

.debug_macro
 *(.debug_macro)

.gnu.attributes
                0x0000000000000000       0x10
 *(.gnu.attributes)
 .gnu.attributes
                0x0000000000000000       0x10 C:/Intel/INDE/IDEintegration/NDK/platforms/android-19/arch-mips/usr/lib/crtbegin_so.o
 .gnu.attributes
                0x0000000000000010       0x10 build/obj/local/mips/objs/decomon/hdlc.o
 .gnu.attributes
                0x0000000000000020       0x10 build/obj/local/mips/objs/decomon/demod_afsk12.o
 .gnu.attributes
                0x0000000000000030       0x10 build/obj/local/mips/objs/decomon/pocsag.o
 .gnu.attributes
                0x0000000000000040       0x10 build/obj/local/mips/objs/decomon/demod_dtmf.o
 .gnu.attributes
                0x0000000000000050       0x10 build/obj/local/mips/objs/decomon/demod_poc5.o
 .gnu.attributes
                0x0000000000000060       0x10 build/obj/local/mips/objs/decomon/demod_poc12.o
 .gnu.attributes
                0x0000000000000070       0x10 build/obj/local/mips/objs/decomon/demod_poc24.o
 .gnu.attributes
                0x0000000000000080       0x10 build/obj/local/mips/objs/decomon/costabf.o
 .gnu.attributes
                0x0000000000000090       0x10 build/obj/local/mips/objs/decomon/costabi.o
 .gnu.attributes
                0x00000000000000a0       0x10 build/obj/local/mips/objs/decomon/multimon.o
 .gnu.attributes
                0x00000000000000b0       0x10 C:/Intel/INDE/IDEintegration/NDK/platforms/android-19/arch-mips/usr/lib/crtend_so.o

.gptab.sdata
 *(.gptab.data)
 *(.gptab.sdata)

.gptab.sbss
 *(.gptab.bss)
 *(.gptab.sbss)

.gcc_compiled_long32
 *(.gcc_compiled_long32)

.gcc_compiled_long64
 *(.gcc_compiled_long64)

/DISCARD/
 *(.note.GNU-stack)
 *(.gnu_debuglink)
 *(.gnu.lto_*)
 *(.mdebug.*)
OUTPUT(build/obj/local/mips/libdecomon.so elf32-tradlittlemips)
