
Allocating common symbols
Common symbol       size              file

env_global          0x4               build/obj/local/mips/objs/decomon/multimon.o
abp_global          0x4               build/obj/local/mips/objs/decomon/multimon.o

Discarded input sections

 .mdebug.abi32  0x0000000000000000        0x0 /Users/Gowrav/Library/Android/sdk/ndk-bundle/platforms/android-19/arch-mips/usr/lib/crtbegin_so.o
 .note.GNU-stack
                0x0000000000000000        0x0 /Users/Gowrav/Library/Android/sdk/ndk-bundle/platforms/android-19/arch-mips/usr/lib/crtbegin_so.o
 .reginfo       0x0000000000000000       0x18 build/obj/local/mips/objs/decomon/hdlc.o
 .MIPS.abiflags
                0x0000000000000000       0x18 build/obj/local/mips/objs/decomon/hdlc.o
 .mdebug.abi32  0x0000000000000000        0x0 build/obj/local/mips/objs/decomon/hdlc.o
 .note.GNU-stack
                0x0000000000000000        0x0 build/obj/local/mips/objs/decomon/hdlc.o
 .reginfo       0x0000000000000000       0x18 build/obj/local/mips/objs/decomon/demod_afsk12.o
 .MIPS.abiflags
                0x0000000000000000       0x18 build/obj/local/mips/objs/decomon/demod_afsk12.o
 .mdebug.abi32  0x0000000000000000        0x0 build/obj/local/mips/objs/decomon/demod_afsk12.o
 .note.GNU-stack
                0x0000000000000000        0x0 build/obj/local/mips/objs/decomon/demod_afsk12.o
 .reginfo       0x0000000000000000       0x18 build/obj/local/mips/objs/decomon/pocsag.o
 .MIPS.abiflags
                0x0000000000000000       0x18 build/obj/local/mips/objs/decomon/pocsag.o
 .mdebug.abi32  0x0000000000000000        0x0 build/obj/local/mips/objs/decomon/pocsag.o
 .note.GNU-stack
                0x0000000000000000        0x0 build/obj/local/mips/objs/decomon/pocsag.o
 .reginfo       0x0000000000000000       0x18 build/obj/local/mips/objs/decomon/demod_dtmf.o
 .MIPS.abiflags
                0x0000000000000000       0x18 build/obj/local/mips/objs/decomon/demod_dtmf.o
 .mdebug.abi32  0x0000000000000000        0x0 build/obj/local/mips/objs/decomon/demod_dtmf.o
 .note.GNU-stack
                0x0000000000000000        0x0 build/obj/local/mips/objs/decomon/demod_dtmf.o
 .reginfo       0x0000000000000000       0x18 build/obj/local/mips/objs/decomon/demod_poc5.o
 .MIPS.abiflags
                0x0000000000000000       0x18 build/obj/local/mips/objs/decomon/demod_poc5.o
 .mdebug.abi32  0x0000000000000000        0x0 build/obj/local/mips/objs/decomon/demod_poc5.o
 .note.GNU-stack
                0x0000000000000000        0x0 build/obj/local/mips/objs/decomon/demod_poc5.o
 .reginfo       0x0000000000000000       0x18 build/obj/local/mips/objs/decomon/demod_poc12.o
 .MIPS.abiflags
                0x0000000000000000       0x18 build/obj/local/mips/objs/decomon/demod_poc12.o
 .mdebug.abi32  0x0000000000000000        0x0 build/obj/local/mips/objs/decomon/demod_poc12.o
 .note.GNU-stack
                0x0000000000000000        0x0 build/obj/local/mips/objs/decomon/demod_poc12.o
 .reginfo       0x0000000000000000       0x18 build/obj/local/mips/objs/decomon/demod_poc24.o
 .MIPS.abiflags
                0x0000000000000000       0x18 build/obj/local/mips/objs/decomon/demod_poc24.o
 .mdebug.abi32  0x0000000000000000        0x0 build/obj/local/mips/objs/decomon/demod_poc24.o
 .note.GNU-stack
                0x0000000000000000        0x0 build/obj/local/mips/objs/decomon/demod_poc24.o
 .reginfo       0x0000000000000000       0x18 build/obj/local/mips/objs/decomon/costabf.o
 .MIPS.abiflags
                0x0000000000000000       0x18 build/obj/local/mips/objs/decomon/costabf.o
 .mdebug.abi32  0x0000000000000000        0x0 build/obj/local/mips/objs/decomon/costabf.o
 .note.GNU-stack
                0x0000000000000000        0x0 build/obj/local/mips/objs/decomon/costabf.o
 .reginfo       0x0000000000000000       0x18 build/obj/local/mips/objs/decomon/costabi.o
 .MIPS.abiflags
                0x0000000000000000       0x18 build/obj/local/mips/objs/decomon/costabi.o
 .mdebug.abi32  0x0000000000000000        0x0 build/obj/local/mips/objs/decomon/costabi.o
 .note.GNU-stack
                0x0000000000000000        0x0 build/obj/local/mips/objs/decomon/costabi.o
 .reginfo       0x0000000000000000       0x18 build/obj/local/mips/objs/decomon/multimon.o
 .MIPS.abiflags
                0x0000000000000000       0x18 build/obj/local/mips/objs/decomon/multimon.o
 .mdebug.abi32  0x0000000000000000        0x0 build/obj/local/mips/objs/decomon/multimon.o
 .note.GNU-stack
                0x0000000000000000        0x0 build/obj/local/mips/objs/decomon/multimon.o
 .MIPS.abiflags
                0x0000000000000000       0x18 /Users/Gowrav/Library/Android/sdk/ndk-bundle/platforms/android-19/arch-mips/usr/lib/crtend_so.o
 .reginfo       0x0000000000000000       0x18 /Users/Gowrav/Library/Android/sdk/ndk-bundle/platforms/android-19/arch-mips/usr/lib/crtend_so.o
 .note.GNU-stack
                0x0000000000000000        0x0 /Users/Gowrav/Library/Android/sdk/ndk-bundle/platforms/android-19/arch-mips/usr/lib/crtend_so.o

Memory Configuration

Name             Origin             Length             Attributes
*default*        0x0000000000000000 0xffffffffffffffff

Linker script and memory map

LOAD /Users/Gowrav/Library/Android/sdk/ndk-bundle/platforms/android-19/arch-mips/usr/lib/crtbegin_so.o
LOAD build/obj/local/mips/objs/decomon/hdlc.o
LOAD build/obj/local/mips/objs/decomon/demod_afsk12.o
LOAD build/obj/local/mips/objs/decomon/pocsag.o
LOAD build/obj/local/mips/objs/decomon/demod_dtmf.o
LOAD build/obj/local/mips/objs/decomon/demod_poc5.o
LOAD build/obj/local/mips/objs/decomon/demod_poc12.o
LOAD build/obj/local/mips/objs/decomon/demod_poc24.o
LOAD build/obj/local/mips/objs/decomon/costabf.o
LOAD build/obj/local/mips/objs/decomon/costabi.o
LOAD build/obj/local/mips/objs/decomon/multimon.o
LOAD /Users/Gowrav/Library/Android/sdk/ndk-bundle/toolchains/mipsel-linux-android-4.9/prebuilt/darwin-x86_64/bin/../lib/gcc/mipsel-linux-android/4.9.x/libgcc.a
LOAD /Users/Gowrav/Library/Android/sdk/ndk-bundle/platforms/android-19/arch-mips/usr/lib/libdl.so
LOAD /Users/Gowrav/Library/Android/sdk/ndk-bundle/platforms/android-19/arch-mips/usr/lib/liblog.so
LOAD /Users/Gowrav/Library/Android/sdk/ndk-bundle/platforms/android-19/arch-mips/usr/lib/libstdc++.so
LOAD /Users/Gowrav/Library/Android/sdk/ndk-bundle/platforms/android-19/arch-mips/usr/lib/libm.so
LOAD /Users/Gowrav/Library/Android/sdk/ndk-bundle/platforms/android-19/arch-mips/usr/lib/libc.so
LOAD /Users/Gowrav/Library/Android/sdk/ndk-bundle/toolchains/mipsel-linux-android-4.9/prebuilt/darwin-x86_64/bin/../lib/gcc/mipsel-linux-android/4.9.x/libgcc.a
LOAD /Users/Gowrav/Library/Android/sdk/ndk-bundle/platforms/android-19/arch-mips/usr/lib/libc.so
LOAD /Users/Gowrav/Library/Android/sdk/ndk-bundle/platforms/android-19/arch-mips/usr/lib/libdl.so
LOAD /Users/Gowrav/Library/Android/sdk/ndk-bundle/toolchains/mipsel-linux-android-4.9/prebuilt/darwin-x86_64/bin/../lib/gcc/mipsel-linux-android/4.9.x/libgcc.a
LOAD /Users/Gowrav/Library/Android/sdk/ndk-bundle/platforms/android-19/arch-mips/usr/lib/crtend_so.o
                0x0000000000000174                . = (0x0 + SIZEOF_HEADERS)

.MIPS.abiflags  0x0000000000000178       0x18
 *(.MIPS.abiflags)
 .MIPS.abiflags
                0x0000000000000178       0x18 /Users/Gowrav/Library/Android/sdk/ndk-bundle/platforms/android-19/arch-mips/usr/lib/crtbegin_so.o

.reginfo        0x0000000000000190       0x18
 *(.reginfo)
 .reginfo       0x0000000000000190       0x18 /Users/Gowrav/Library/Android/sdk/ndk-bundle/platforms/android-19/arch-mips/usr/lib/crtbegin_so.o

.note.gnu.build-id
                0x00000000000001a8       0x24
 *(.note.gnu.build-id)
 .note.gnu.build-id
                0x00000000000001a8       0x24 /Users/Gowrav/Library/Android/sdk/ndk-bundle/platforms/android-19/arch-mips/usr/lib/crtbegin_so.o

.hash           0x00000000000001cc      0x194
 *(.hash)
 .hash          0x00000000000001cc      0x194 /Users/Gowrav/Library/Android/sdk/ndk-bundle/platforms/android-19/arch-mips/usr/lib/crtbegin_so.o

.gnu.hash
 *(.gnu.hash)

.dynsym         0x0000000000000360      0x3e0
 *(.dynsym)
 .dynsym        0x0000000000000360      0x3e0 /Users/Gowrav/Library/Android/sdk/ndk-bundle/platforms/android-19/arch-mips/usr/lib/crtbegin_so.o

.dynstr         0x0000000000000740      0x365
 *(.dynstr)
 .dynstr        0x0000000000000740      0x365 /Users/Gowrav/Library/Android/sdk/ndk-bundle/platforms/android-19/arch-mips/usr/lib/crtbegin_so.o

.gnu.version    0x0000000000000aa6       0x7c
 *(.gnu.version)
 .gnu.version   0x0000000000000aa6       0x7c /Users/Gowrav/Library/Android/sdk/ndk-bundle/platforms/android-19/arch-mips/usr/lib/crtbegin_so.o

.gnu.version_d  0x0000000000000b24        0x0
 *(.gnu.version_d)
 .gnu.version_d
                0x0000000000000b24        0x0 /Users/Gowrav/Library/Android/sdk/ndk-bundle/platforms/android-19/arch-mips/usr/lib/crtbegin_so.o

.gnu.version_r  0x0000000000000b24       0x20
 *(.gnu.version_r)
 .gnu.version_r
                0x0000000000000b24       0x20 /Users/Gowrav/Library/Android/sdk/ndk-bundle/platforms/android-19/arch-mips/usr/lib/crtbegin_so.o

.rel.dyn        0x0000000000000b44      0x2c8
 *(.rel.init)
 *(.rel.text .rel.text.* .rel.gnu.linkonce.t.*)
 *(.rel.fini)
 *(.rel.rodata .rel.rodata.* .rel.gnu.linkonce.r.*)
 *(.rel.data.rel.ro .rel.data.rel.ro.* .rel.gnu.linkonce.d.rel.ro.*)
 *(.rel.data .rel.data.* .rel.gnu.linkonce.d.*)
 *(.rel.tdata .rel.tdata.* .rel.gnu.linkonce.td.*)
 *(.rel.tbss .rel.tbss.* .rel.gnu.linkonce.tb.*)
 *(.rel.ctors)
 *(.rel.dtors)
 *(.rel.got)
 *(.rel.dyn)
 .rel.dyn       0x0000000000000b44      0x2c8 /Users/Gowrav/Library/Android/sdk/ndk-bundle/platforms/android-19/arch-mips/usr/lib/crtbegin_so.o
 *(.rel.sdata .rel.sdata.* .rel.gnu.linkonce.s.*)
 *(.rel.sbss .rel.sbss.* .rel.gnu.linkonce.sb.*)
 *(.rel.sdata2 .rel.sdata2.* .rel.gnu.linkonce.s2.*)
 *(.rel.sbss2 .rel.sbss2.* .rel.gnu.linkonce.sb2.*)
 *(.rel.bss .rel.bss.* .rel.gnu.linkonce.b.*)
 *(.rel.iplt)

.rela.dyn
 *(.rela.init)
 *(.rela.text .rela.text.* .rela.gnu.linkonce.t.*)
 *(.rela.fini)
 *(.rela.rodata .rela.rodata.* .rela.gnu.linkonce.r.*)
 *(.rela.data .rela.data.* .rela.gnu.linkonce.d.*)
 *(.rela.tdata .rela.tdata.* .rela.gnu.linkonce.td.*)
 *(.rela.tbss .rela.tbss.* .rela.gnu.linkonce.tb.*)
 *(.rela.ctors)
 *(.rela.dtors)
 *(.rela.got)
 *(.rela.sdata .rela.sdata.* .rela.gnu.linkonce.s.*)
 *(.rela.sbss .rela.sbss.* .rela.gnu.linkonce.sb.*)
 *(.rela.sdata2 .rela.sdata2.* .rela.gnu.linkonce.s2.*)
 *(.rela.sbss2 .rela.sbss2.* .rela.gnu.linkonce.sb2.*)
 *(.rela.bss .rela.bss.* .rela.gnu.linkonce.b.*)
 *(.rela.iplt)

.rel.plt        0x0000000000000e0c        0x0
 *(.rel.plt)
 .rel.plt       0x0000000000000e0c        0x0 /Users/Gowrav/Library/Android/sdk/ndk-bundle/platforms/android-19/arch-mips/usr/lib/crtbegin_so.o

.rela.plt
 *(.rela.plt)

.init
 *(SORT(.init))

.text           0x0000000000000e10     0x47f0
                0x0000000000000e10                _ftext = .
 *(.text.unlikely .text.*_unlikely .text.unlikely.*)
 *(.text.exit .text.exit.*)
 .text.exit     0x0000000000000e10       0x18 /Users/Gowrav/Library/Android/sdk/ndk-bundle/platforms/android-19/arch-mips/usr/lib/crtbegin_so.o
                0x0000000000000e10                __on_dlclose
 *(.text.startup .text.startup.*)
 *(.text.hot .text.hot.*)
 *(.text .stub .text.* .gnu.linkonce.t.*)
 *fill*         0x0000000000000e28        0x8 
 .text          0x0000000000000e30       0x40 /Users/Gowrav/Library/Android/sdk/ndk-bundle/platforms/android-19/arch-mips/usr/lib/crtbegin_so.o
                0x0000000000000e30                __atexit_handler_wrapper
                0x0000000000000e48                atexit
 .text          0x0000000000000e70        0x0 build/obj/local/mips/objs/decomon/hdlc.o
 .text.ax25_disp_packet.isra.0
                0x0000000000000e70      0xd54 build/obj/local/mips/objs/decomon/hdlc.o
 .text.hdlc_init
                0x0000000000001bc4       0x64 build/obj/local/mips/objs/decomon/hdlc.o
                0x0000000000001bc4                hdlc_init
 .text.hdlc_rxbit
                0x0000000000001c28      0x17c build/obj/local/mips/objs/decomon/hdlc.o
                0x0000000000001c28                hdlc_rxbit
 *fill*         0x0000000000001da4        0xc 
 .text          0x0000000000001db0        0x0 build/obj/local/mips/objs/decomon/demod_afsk12.o
 .text.afsk12_demod
                0x0000000000001db0      0x33c build/obj/local/mips/objs/decomon/demod_afsk12.o
 .text.afsk12_init
                0x00000000000020ec      0x1ac build/obj/local/mips/objs/decomon/demod_afsk12.o
 *fill*         0x0000000000002298        0x8 
 .text          0x00000000000022a0        0x0 build/obj/local/mips/objs/decomon/pocsag.o
 .text.bitslice_syndrome
                0x00000000000022a0       0x98 build/obj/local/mips/objs/decomon/pocsag.o
 .text.pocsag_printmessage.part.3
                0x0000000000002338      0xddc build/obj/local/mips/objs/decomon/pocsag.o
 .text.pocsag_init
                0x0000000000003114       0x50 build/obj/local/mips/objs/decomon/pocsag.o
                0x0000000000003114                pocsag_init
 .text.pocsag_deinit
                0x0000000000003164      0x1b4 build/obj/local/mips/objs/decomon/pocsag.o
                0x0000000000003164                pocsag_deinit
 .text.pocsag_brute_repair
                0x0000000000003318      0x774 build/obj/local/mips/objs/decomon/pocsag.o
                0x0000000000003318                pocsag_brute_repair
 .text.pocsag_rxbit
                0x0000000000003a8c      0x8b8 build/obj/local/mips/objs/decomon/pocsag.o
                0x0000000000003a8c                pocsag_rxbit
 *fill*         0x0000000000004344        0xc 
 .text          0x0000000000004350        0x0 build/obj/local/mips/objs/decomon/demod_dtmf.o
 .text.dtmf_init
                0x0000000000004350       0x20 build/obj/local/mips/objs/decomon/demod_dtmf.o
 .text.dtmf_demod
                0x0000000000004370      0x668 build/obj/local/mips/objs/decomon/demod_dtmf.o
 *fill*         0x00000000000049d8        0x8 
 .text          0x00000000000049e0        0x0 build/obj/local/mips/objs/decomon/demod_poc5.o
 .text.poc5_deinit
                0x00000000000049e0       0x18 build/obj/local/mips/objs/decomon/demod_poc5.o
 .text.poc5_demod
                0x00000000000049f8      0x1b8 build/obj/local/mips/objs/decomon/demod_poc5.o
 .text.poc5_init
                0x0000000000004bb0       0x68 build/obj/local/mips/objs/decomon/demod_poc5.o
 *fill*         0x0000000000004c18        0x8 
 .text          0x0000000000004c20        0x0 build/obj/local/mips/objs/decomon/demod_poc12.o
 .text.poc12_deinit
                0x0000000000004c20       0x18 build/obj/local/mips/objs/decomon/demod_poc12.o
 .text.poc12_demod
                0x0000000000004c38      0x1cc build/obj/local/mips/objs/decomon/demod_poc12.o
 .text.poc12_init
                0x0000000000004e04       0x68 build/obj/local/mips/objs/decomon/demod_poc12.o
 *fill*         0x0000000000004e6c        0x4 
 .text          0x0000000000004e70        0x0 build/obj/local/mips/objs/decomon/demod_poc24.o
 .text.poc24_deinit
                0x0000000000004e70       0x18 build/obj/local/mips/objs/decomon/demod_poc24.o
 .text.poc24_demod
                0x0000000000004e88      0x150 build/obj/local/mips/objs/decomon/demod_poc24.o
 .text.poc24_init
                0x0000000000004fd8       0x68 build/obj/local/mips/objs/decomon/demod_poc24.o
 .text          0x0000000000005040        0x0 build/obj/local/mips/objs/decomon/costabf.o
 .text          0x0000000000005040        0x0 build/obj/local/mips/objs/decomon/costabi.o
 .text          0x0000000000005040        0x0 build/obj/local/mips/objs/decomon/multimon.o
 .text.verbprintf
                0x0000000000005040        0xc build/obj/local/mips/objs/decomon/multimon.o
                0x0000000000005040                verbprintf
 .text.JNI_OnLoad
                0x000000000000504c       0x48 build/obj/local/mips/objs/decomon/multimon.o
                0x000000000000504c                JNI_OnLoad
 .text.Java_com_geeksynergy_airpaper_AudioBufferProcessor_init
                0x0000000000005094      0x1cc build/obj/local/mips/objs/decomon/multimon.o
                0x0000000000005094                Java_com_geeksynergy_airpaper_AudioBufferProcessor_init
 .text.Java_com_geeksynergy_airpaper_AudioBufferProcessor_processBuffer2
                0x0000000000005260      0x17c build/obj/local/mips/objs/decomon/multimon.o
                0x0000000000005260                Java_com_geeksynergy_airpaper_AudioBufferProcessor_processBuffer2
 .text.Java_com_geeksynergy_airpaper_AudioBufferProcessor_processBuffer
                0x00000000000053dc       0xb4 build/obj/local/mips/objs/decomon/multimon.o
                0x00000000000053dc                Java_com_geeksynergy_airpaper_AudioBufferProcessor_processBuffer
 .text.send_frame_to_java
                0x0000000000005490      0x16c build/obj/local/mips/objs/decomon/multimon.o
                0x0000000000005490                send_frame_to_java
 *fill*         0x00000000000055fc        0x4 
 .text          0x0000000000005600        0x0 /Users/Gowrav/Library/Android/sdk/ndk-bundle/platforms/android-19/arch-mips/usr/lib/crtend_so.o
 *(.gnu.warning)
 *(.mips16.fn.*)
 *(.mips16.call.*)

.MIPS.stubs     0x0000000000005600      0x160
 .MIPS.stubs    0x0000000000005600      0x160 /Users/Gowrav/Library/Android/sdk/ndk-bundle/platforms/android-19/arch-mips/usr/lib/crtbegin_so.o
                0x0000000000005600                memmove@@LIBC
                0x0000000000005600                _MIPS_STUBS_
                0x0000000000005610                fwrite@@LIBC
                0x0000000000005620                fopen@@LIBC
                0x0000000000005630                exit@@LIBC
                0x0000000000005640                memcpy@@LIBC
                0x0000000000005650                snprintf@@LIBC
                0x0000000000005660                __stack_chk_fail@@LIBC
                0x0000000000005670                __android_log_print
                0x0000000000005680                free@@LIBC
                0x0000000000005690                fputc@@LIBC
                0x00000000000056a0                mknod@@LIBC
                0x00000000000056b0                cos
                0x00000000000056c0                strlen@@LIBC
                0x00000000000056d0                sin
                0x00000000000056e0                __cxa_finalize@@LIBC
                0x00000000000056f0                fprintf@@LIBC
                0x0000000000005700                fflush@@LIBC
                0x0000000000005710                memset@@LIBC
                0x0000000000005720                unlink@@LIBC
                0x0000000000005730                malloc@@LIBC
                0x0000000000005740                __cxa_atexit@@LIBC

.fini
 *(SORT(.fini))
                0x0000000000005760                PROVIDE (__etext, .)
                0x0000000000005760                PROVIDE (_etext, .)
                0x0000000000005760                PROVIDE (etext, .)

.rodata         0x0000000000005760      0xa18
 *(.rodata .rodata.* .gnu.linkonce.r.*)
 .rodata.str1.4
                0x0000000000005760      0x10a build/obj/local/mips/objs/decomon/hdlc.o
                                        0x110 (size before relaxing)
 *fill*         0x000000000000586a        0x6 
 .rodata        0x0000000000005870      0x200 build/obj/local/mips/objs/decomon/hdlc.o
 .rodata.str1.4
                0x0000000000005a70       0x41 build/obj/local/mips/objs/decomon/demod_afsk12.o
                                         0x48 (size before relaxing)
 *fill*         0x0000000000005ab1        0x7 
 .rodata.cst8   0x0000000000005ab8       0x20 build/obj/local/mips/objs/decomon/demod_afsk12.o
 .rodata.str1.4
                0x0000000000005ad8      0x452 build/obj/local/mips/objs/decomon/pocsag.o
                                        0x474 (size before relaxing)
 *fill*         0x0000000000005f2a        0x6 
 .rodata        0x0000000000005f30       0x30 build/obj/local/mips/objs/decomon/pocsag.o
 .rodata.cst8   0x0000000000005f60       0x10 build/obj/local/mips/objs/decomon/pocsag.o
 .rodata.str1.4
                0x0000000000005f70       0x71 build/obj/local/mips/objs/decomon/demod_dtmf.o
                                         0x88 (size before relaxing)
 *fill*         0x0000000000005fe1        0xf 
 .rodata        0x0000000000005ff0       0x20 build/obj/local/mips/objs/decomon/demod_dtmf.o
 .rodata.cst4   0x0000000000006010        0x4 build/obj/local/mips/objs/decomon/demod_dtmf.o
 *fill*         0x0000000000006014        0x4 
 .rodata.cst8   0x0000000000006018       0x10 build/obj/local/mips/objs/decomon/demod_dtmf.o
 .rodata.str1.4
                0x0000000000006028        0xa build/obj/local/mips/objs/decomon/demod_poc5.o
                                         0x10 (size before relaxing)
 *fill*         0x0000000000006032        0x2 
 .rodata.str1.4
                0x0000000000006034        0xb build/obj/local/mips/objs/decomon/demod_poc12.o
                                         0x10 (size before relaxing)
 *fill*         0x000000000000603f        0x1 
 .rodata.str1.4
                0x0000000000006040        0xb build/obj/local/mips/objs/decomon/demod_poc24.o
                                         0x10 (size before relaxing)
 *fill*         0x000000000000604b        0x1 
 .rodata.str1.4
                0x000000000000604c      0x124 build/obj/local/mips/objs/decomon/multimon.o
                                        0x138 (size before relaxing)
 .rodata.cst8   0x0000000000006170        0x8 build/obj/local/mips/objs/decomon/multimon.o

.rodata1
 *(.rodata1)

.eh_frame_hdr   0x0000000000006178       0xec
 *(.eh_frame_hdr)
 .eh_frame_hdr  0x0000000000006178       0xec build/obj/local/mips/objs/decomon/hdlc.o

.eh_frame       0x0000000000006264      0x578
 *(.eh_frame)
 .eh_frame      0x0000000000006264       0xdc build/obj/local/mips/objs/decomon/hdlc.o
 .eh_frame      0x0000000000006340       0x90 build/obj/local/mips/objs/decomon/demod_afsk12.o
                                         0xa4 (size before relaxing)
 .eh_frame      0x00000000000063d0      0x130 build/obj/local/mips/objs/decomon/pocsag.o
                                        0x144 (size before relaxing)
 .eh_frame      0x0000000000006500       0x78 build/obj/local/mips/objs/decomon/demod_dtmf.o
                                         0x8c (size before relaxing)
 .eh_frame      0x0000000000006578       0x78 build/obj/local/mips/objs/decomon/demod_poc5.o
                                         0x8c (size before relaxing)
 .eh_frame      0x00000000000065f0       0x7c build/obj/local/mips/objs/decomon/demod_poc12.o
                                         0x90 (size before relaxing)
 .eh_frame      0x000000000000666c       0x6c build/obj/local/mips/objs/decomon/demod_poc24.o
                                         0x80 (size before relaxing)
 .eh_frame      0x00000000000066d8      0x104 build/obj/local/mips/objs/decomon/multimon.o
                                        0x118 (size before relaxing)

.gcc_except_table
 *(.gcc_except_table .gcc_except_table.*)

.exception_ranges
 *(.exception_ranges .exception_ranges*)

.plt            0x00000000000067dc        0x0
 *(.plt)
 .plt           0x00000000000067dc        0x0 /Users/Gowrav/Library/Android/sdk/ndk-bundle/platforms/android-19/arch-mips/usr/lib/crtbegin_so.o

.iplt
 *(.iplt)
                0x0000000000010000                . = ALIGN (0x10000)
                0x0000000000010cf0                . = DATA_SEGMENT_ALIGN (0x10000, 0x1000)

.eh_frame
 *(.eh_frame)

.gcc_except_table
 *(.gcc_except_table .gcc_except_table.*)

.exception_ranges
 *(.exception_ranges .exception_ranges*)

.tdata
 *(.tdata .tdata.* .gnu.linkonce.td.*)

.tbss
 *(.tbss .tbss.* .gnu.linkonce.tb.*)
 *(.tcommon)
                0x0000000000010cf0                . = ALIGN (0x4)

.preinit_array
 *(.preinit_array)

.init_array     0x0000000000010cf0        0x4
 *crtbegin*.o(.init_array)
 *(SORT(.init_array.*) SORT(.ctors.*))
 *(.init_array EXCLUDE_FILE(*crtend*.o *crtend.o *crtbegin*.o *crtbegin.o) .ctors)
 .init_array    0x0000000000010cf0        0x4 /Users/Gowrav/Library/Android/sdk/ndk-bundle/platforms/android-19/arch-mips/usr/lib/crtend_so.o

.fini_array     0x0000000000010cf4        0x8
 *crtbegin*.o(.fini_array)
 .fini_array    0x0000000000010cf4        0x4 /Users/Gowrav/Library/Android/sdk/ndk-bundle/platforms/android-19/arch-mips/usr/lib/crtbegin_so.o
 *(SORT(.fini_array.*) SORT(.dtors.*))
 *(.fini_array EXCLUDE_FILE(*crtend*.o *crtend.o *crtbegin*.o *crtbegin.o) .dtors)
 .fini_array    0x0000000000010cf8        0x4 /Users/Gowrav/Library/Android/sdk/ndk-bundle/platforms/android-19/arch-mips/usr/lib/crtend_so.o

.ctors
 *crtbegin.o(.ctors)
 *crtbegin*.o(.ctors)
 *(EXCLUDE_FILE(*crtend*.o *crtend.o) .ctors)
 *(SORT(.ctors.*))
 *(.ctors)

.dtors
 *crtbegin.o(.dtors)
 *crtbegin*.o(.dtors)
 *(EXCLUDE_FILE(*crtend*.o *crtend.o) .dtors)
 *(SORT(.dtors.*))
 *(.dtors)

.jcr
 *(.jcr)

.data.rel.ro    0x0000000000010cfc      0x1cc
 *(.data.rel.ro.local* .gnu.linkonce.d.rel.ro.local.*)
 .data.rel.ro.local
                0x0000000000010cfc       0x1c build/obj/local/mips/objs/decomon/demod_afsk12.o
                0x0000000000010cfc                demod_afsk1200
 .data.rel.ro.local
                0x0000000000010d18      0x140 build/obj/local/mips/objs/decomon/pocsag.o
 .data.rel.ro.local
                0x0000000000010e58       0x1c build/obj/local/mips/objs/decomon/demod_dtmf.o
                0x0000000000010e58                demod_dtmf
 .data.rel.ro.local
                0x0000000000010e74       0x1c build/obj/local/mips/objs/decomon/demod_poc5.o
                0x0000000000010e74                demod_poc5
 .data.rel.ro.local
                0x0000000000010e90       0x1c build/obj/local/mips/objs/decomon/demod_poc12.o
                0x0000000000010e90                demod_poc12
 .data.rel.ro.local
                0x0000000000010eac       0x1c build/obj/local/mips/objs/decomon/demod_poc24.o
                0x0000000000010eac                demod_poc24
 *(.data.rel.ro .data.rel.ro.* .gnu.linkonce.d.rel.ro.*)

.got.plt        0x0000000000010ec8        0x0
 *(.got.plt)
 .got.plt       0x0000000000010ec8        0x0 /Users/Gowrav/Library/Android/sdk/ndk-bundle/platforms/android-19/arch-mips/usr/lib/crtbegin_so.o

.dynamic        0x0000000000010ec8      0x138
 *(.dynamic)
 .dynamic       0x0000000000010ec8      0x138 /Users/Gowrav/Library/Android/sdk/ndk-bundle/platforms/android-19/arch-mips/usr/lib/crtbegin_so.o
                0x0000000000010ec8                _DYNAMIC
                0x0000000000011000                . = DATA_SEGMENT_RELRO_END (., 0x0)

.data           0x0000000000011000     0x2030
                0x0000000000011000                _fdata = .
 *(.data .data.* .gnu.linkonce.d.*)
 .data          0x0000000000011000       0x10 /Users/Gowrav/Library/Android/sdk/ndk-bundle/platforms/android-19/arch-mips/usr/lib/crtbegin_so.o
                0x0000000000011000                __dso_handle
 .data          0x0000000000011010        0x0 build/obj/local/mips/objs/decomon/hdlc.o
 .data          0x0000000000011010        0x0 build/obj/local/mips/objs/decomon/demod_afsk12.o
 .data          0x0000000000011010       0x10 build/obj/local/mips/objs/decomon/pocsag.o
                0x0000000000011010                pocsag_error_correction
 .data          0x0000000000011020        0x0 build/obj/local/mips/objs/decomon/demod_dtmf.o
 .data          0x0000000000011020        0x0 build/obj/local/mips/objs/decomon/demod_poc5.o
 .data          0x0000000000011020        0x0 build/obj/local/mips/objs/decomon/demod_poc12.o
 .data          0x0000000000011020        0x0 build/obj/local/mips/objs/decomon/demod_poc24.o
 .data          0x0000000000011020     0x1000 build/obj/local/mips/objs/decomon/costabf.o
                0x0000000000011020                costabf
 .data          0x0000000000012020     0x1000 build/obj/local/mips/objs/decomon/costabi.o
                0x0000000000012020                costabi
 .data          0x0000000000013020       0x10 build/obj/local/mips/objs/decomon/multimon.o
 .data          0x0000000000013030        0x0 /Users/Gowrav/Library/Android/sdk/ndk-bundle/platforms/android-19/arch-mips/usr/lib/crtend_so.o

.data1
 *(.data1)
                0x0000000000013030                . = .
                0x000000000001b020                _gp = (ALIGN (0x10) + 0x7ff0)

.got            0x0000000000013030       0xcc
 *(.got)
 .got           0x0000000000013030       0xcc /Users/Gowrav/Library/Android/sdk/ndk-bundle/platforms/android-19/arch-mips/usr/lib/crtbegin_so.o
                0x0000000000013030                _GLOBAL_OFFSET_TABLE_

.sdata
 *(.sdata2 .sdata2.* .gnu.linkonce.s2.*)
 *(.sdata .sdata.* .gnu.linkonce.s.*)

.lit8
 *(.lit8)

.lit4
 *(.lit4)
                0x00000000000130fc                _edata = .
                0x00000000000130fc                PROVIDE (edata, .)
                0x00000000000130fc                __bss_start = .
                0x00000000000130fc                _fbss = .

.sbss           0x00000000000130fc        0x8
 *(.sbss2 .sbss2.* .gnu.linkonce.sb2.*)
 *(.dynsbss)
 *(.sbss .sbss.* .gnu.linkonce.sb.*)
 *(.scommon)
 .scommon       0x00000000000130fc        0x8 build/obj/local/mips/objs/decomon/multimon.o
                0x00000000000130fc                env_global
                0x0000000000013100                abp_global

.bss            0x0000000000013110    0x107c0
 *(.dynbss)
 .dynbss        0x0000000000013110        0x0 /Users/Gowrav/Library/Android/sdk/ndk-bundle/platforms/android-19/arch-mips/usr/lib/crtbegin_so.o
 *(.bss .bss.* .gnu.linkonce.b.*)
 .bss           0x0000000000013110        0x0 /Users/Gowrav/Library/Android/sdk/ndk-bundle/platforms/android-19/arch-mips/usr/lib/crtbegin_so.o
 .bss           0x0000000000013110       0x10 build/obj/local/mips/objs/decomon/hdlc.o
 .bss           0x0000000000013120      0x120 build/obj/local/mips/objs/decomon/demod_afsk12.o
 .bss           0x0000000000013240       0x20 build/obj/local/mips/objs/decomon/pocsag.o
                0x0000000000013240                pocsag_prune_empty
                0x0000000000013244                pocsag_heuristic_pruning
                0x0000000000013248                pocsag_show_partial_decodes
                0x000000000001324c                pocsag_invert_input
                0x0000000000013250                pocsag_mode
 .bss           0x0000000000013260        0x0 build/obj/local/mips/objs/decomon/demod_dtmf.o
 .bss           0x0000000000013260        0x0 build/obj/local/mips/objs/decomon/demod_poc5.o
 .bss           0x0000000000013260        0x0 build/obj/local/mips/objs/decomon/demod_poc12.o
 .bss           0x0000000000013260        0x0 build/obj/local/mips/objs/decomon/demod_poc24.o
 .bss           0x0000000000013260        0x0 build/obj/local/mips/objs/decomon/costabf.o
 .bss           0x0000000000013260        0x0 build/obj/local/mips/objs/decomon/costabi.o
 .bss           0x0000000000013260    0x10670 build/obj/local/mips/objs/decomon/multimon.o
 .bss           0x00000000000238d0        0x0 /Users/Gowrav/Library/Android/sdk/ndk-bundle/platforms/android-19/arch-mips/usr/lib/crtend_so.o
 *(COMMON)
                0x00000000000238d0                . = ALIGN (0x4)
                0x00000000000238d0                . = ALIGN (0x4)
                0x00000000000238d0                . = SEGMENT_START ("ldata-segment", .)
                0x00000000000238d0                . = ALIGN (0x4)
                0x00000000000238d0                _end = .
                0x00000000000238d0                _bss_end__ = .
                0x00000000000238d0                __bss_end__ = .
                0x00000000000238d0                __end__ = .
                0x00000000000238d0                PROVIDE (end, .)
                0x00000000000238d0                . = DATA_SEGMENT_END (.)

.stab
 *(.stab)

.stabstr
 *(.stabstr)

.stab.excl
 *(.stab.excl)

.stab.exclstr
 *(.stab.exclstr)

.stab.index
 *(.stab.index)

.stab.indexstr
 *(.stab.indexstr)

.comment        0x0000000000000000       0x27
 *(.comment)
 .comment       0x0000000000000000       0x27 /Users/Gowrav/Library/Android/sdk/ndk-bundle/platforms/android-19/arch-mips/usr/lib/crtbegin_so.o
                                         0x28 (size before relaxing)
 .comment       0x0000000000000027       0x28 build/obj/local/mips/objs/decomon/hdlc.o
 .comment       0x0000000000000027       0x28 build/obj/local/mips/objs/decomon/demod_afsk12.o
 .comment       0x0000000000000027       0x28 build/obj/local/mips/objs/decomon/pocsag.o
 .comment       0x0000000000000027       0x28 build/obj/local/mips/objs/decomon/demod_dtmf.o
 .comment       0x0000000000000027       0x28 build/obj/local/mips/objs/decomon/demod_poc5.o
 .comment       0x0000000000000027       0x28 build/obj/local/mips/objs/decomon/demod_poc12.o
 .comment       0x0000000000000027       0x28 build/obj/local/mips/objs/decomon/demod_poc24.o
 .comment       0x0000000000000027       0x28 build/obj/local/mips/objs/decomon/costabf.o
 .comment       0x0000000000000027       0x28 build/obj/local/mips/objs/decomon/costabi.o
 .comment       0x0000000000000027       0x28 build/obj/local/mips/objs/decomon/multimon.o

.pdr            0x0000000000000000      0x3e0
 .pdr           0x0000000000000000       0x60 /Users/Gowrav/Library/Android/sdk/ndk-bundle/platforms/android-19/arch-mips/usr/lib/crtbegin_so.o
 .pdr           0x0000000000000060       0x60 build/obj/local/mips/objs/decomon/hdlc.o
 .pdr           0x00000000000000c0       0x40 build/obj/local/mips/objs/decomon/demod_afsk12.o
 .pdr           0x0000000000000100       0xc0 build/obj/local/mips/objs/decomon/pocsag.o
 .pdr           0x00000000000001c0       0x40 build/obj/local/mips/objs/decomon/demod_dtmf.o
 .pdr           0x0000000000000200       0x60 build/obj/local/mips/objs/decomon/demod_poc5.o
 .pdr           0x0000000000000260       0x60 build/obj/local/mips/objs/decomon/demod_poc12.o
 .pdr           0x00000000000002c0       0x60 build/obj/local/mips/objs/decomon/demod_poc24.o
 .pdr           0x0000000000000320        0x0 build/obj/local/mips/objs/decomon/costabf.o
 .pdr           0x0000000000000320        0x0 build/obj/local/mips/objs/decomon/costabi.o
 .pdr           0x0000000000000320       0xc0 build/obj/local/mips/objs/decomon/multimon.o
 .pdr           0x00000000000003e0        0x0 /Users/Gowrav/Library/Android/sdk/ndk-bundle/platforms/android-19/arch-mips/usr/lib/crtend_so.o

.debug
 *(.debug)

.line
 *(.line)

.debug_srcinfo
 *(.debug_srcinfo)

.debug_sfnames
 *(.debug_sfnames)

.debug_aranges  0x0000000000000000      0x1d0
 *(.debug_aranges)
 .debug_aranges
                0x0000000000000000       0x30 build/obj/local/mips/objs/decomon/hdlc.o
 .debug_aranges
                0x0000000000000030       0x28 build/obj/local/mips/objs/decomon/demod_afsk12.o
 .debug_aranges
                0x0000000000000058       0x48 build/obj/local/mips/objs/decomon/pocsag.o
 .debug_aranges
                0x00000000000000a0       0x28 build/obj/local/mips/objs/decomon/demod_dtmf.o
 .debug_aranges
                0x00000000000000c8       0x30 build/obj/local/mips/objs/decomon/demod_poc5.o
 .debug_aranges
                0x00000000000000f8       0x30 build/obj/local/mips/objs/decomon/demod_poc12.o
 .debug_aranges
                0x0000000000000128       0x30 build/obj/local/mips/objs/decomon/demod_poc24.o
 .debug_aranges
                0x0000000000000158       0x18 build/obj/local/mips/objs/decomon/costabf.o
 .debug_aranges
                0x0000000000000170       0x18 build/obj/local/mips/objs/decomon/costabi.o
 .debug_aranges
                0x0000000000000188       0x48 build/obj/local/mips/objs/decomon/multimon.o

.debug_pubnames
 *(.debug_pubnames)

.debug_info     0x0000000000000000     0x9af7
 *(.debug_info .gnu.linkonce.wi.*)
 .debug_info    0x0000000000000000     0x1175 build/obj/local/mips/objs/decomon/hdlc.o
 .debug_info    0x0000000000001175      0xaf0 build/obj/local/mips/objs/decomon/demod_afsk12.o
 .debug_info    0x0000000000001c65     0x22b3 build/obj/local/mips/objs/decomon/pocsag.o
 .debug_info    0x0000000000003f18      0xadb build/obj/local/mips/objs/decomon/demod_dtmf.o
 .debug_info    0x00000000000049f3      0x7a7 build/obj/local/mips/objs/decomon/demod_poc5.o
 .debug_info    0x000000000000519a      0x7a7 build/obj/local/mips/objs/decomon/demod_poc12.o
 .debug_info    0x0000000000005941      0x78e build/obj/local/mips/objs/decomon/demod_poc24.o
 .debug_info    0x00000000000060cf       0x4e build/obj/local/mips/objs/decomon/costabf.o
 .debug_info    0x000000000000611d       0x4e build/obj/local/mips/objs/decomon/costabi.o
 .debug_info    0x000000000000616b     0x398c build/obj/local/mips/objs/decomon/multimon.o

.debug_abbrev   0x0000000000000000     0x123c
 *(.debug_abbrev)
 .debug_abbrev  0x0000000000000000      0x204 build/obj/local/mips/objs/decomon/hdlc.o
 .debug_abbrev  0x0000000000000204      0x262 build/obj/local/mips/objs/decomon/demod_afsk12.o
 .debug_abbrev  0x0000000000000466      0x39b build/obj/local/mips/objs/decomon/pocsag.o
 .debug_abbrev  0x0000000000000801      0x26a build/obj/local/mips/objs/decomon/demod_dtmf.o
 .debug_abbrev  0x0000000000000a6b      0x171 build/obj/local/mips/objs/decomon/demod_poc5.o
 .debug_abbrev  0x0000000000000bdc      0x171 build/obj/local/mips/objs/decomon/demod_poc12.o
 .debug_abbrev  0x0000000000000d4d      0x159 build/obj/local/mips/objs/decomon/demod_poc24.o
 .debug_abbrev  0x0000000000000ea6       0x3e build/obj/local/mips/objs/decomon/costabf.o
 .debug_abbrev  0x0000000000000ee4       0x49 build/obj/local/mips/objs/decomon/costabi.o
 .debug_abbrev  0x0000000000000f2d      0x30f build/obj/local/mips/objs/decomon/multimon.o

.debug_line     0x0000000000000000     0x1e4d
 *(.debug_line .debug_line.* .debug_line_end)
 .debug_line    0x0000000000000000      0x514 build/obj/local/mips/objs/decomon/hdlc.o
 .debug_line    0x0000000000000514      0x299 build/obj/local/mips/objs/decomon/demod_afsk12.o
 .debug_line    0x00000000000007ad      0x9ef build/obj/local/mips/objs/decomon/pocsag.o
 .debug_line    0x000000000000119c      0x2d3 build/obj/local/mips/objs/decomon/demod_dtmf.o
 .debug_line    0x000000000000146f      0x1ae build/obj/local/mips/objs/decomon/demod_poc5.o
 .debug_line    0x000000000000161d      0x1b5 build/obj/local/mips/objs/decomon/demod_poc12.o
 .debug_line    0x00000000000017d2      0x195 build/obj/local/mips/objs/decomon/demod_poc24.o
 .debug_line    0x0000000000001967       0x37 build/obj/local/mips/objs/decomon/costabf.o
 .debug_line    0x000000000000199e       0x37 build/obj/local/mips/objs/decomon/costabi.o
 .debug_line    0x00000000000019d5      0x478 build/obj/local/mips/objs/decomon/multimon.o

.debug_frame
 *(.debug_frame)

.debug_str      0x0000000000000000     0x219e
 *(.debug_str)
 .debug_str     0x0000000000000000      0x687 build/obj/local/mips/objs/decomon/hdlc.o
                                        0x764 (size before relaxing)
 .debug_str     0x0000000000000687      0x14c build/obj/local/mips/objs/decomon/demod_afsk12.o
                                        0x7b8 (size before relaxing)
 .debug_str     0x00000000000007d3      0x333 build/obj/local/mips/objs/decomon/pocsag.o
                                        0xb0c (size before relaxing)
 .debug_str     0x0000000000000b06       0x84 build/obj/local/mips/objs/decomon/demod_dtmf.o
                                        0x7b2 (size before relaxing)
 .debug_str     0x0000000000000b8a       0x46 build/obj/local/mips/objs/decomon/demod_poc5.o
                                        0x6bc (size before relaxing)
 .debug_str     0x0000000000000bd0       0x4b build/obj/local/mips/objs/decomon/demod_poc12.o
                                        0x6c1 (size before relaxing)
 .debug_str     0x0000000000000c1b       0x4b build/obj/local/mips/objs/decomon/demod_poc24.o
                                        0x6b9 (size before relaxing)
 .debug_str     0x0000000000000c66       0x17 build/obj/local/mips/objs/decomon/costabf.o
                                        0x19e (size before relaxing)
 .debug_str     0x0000000000000c7d       0x1f build/obj/local/mips/objs/decomon/costabi.o
                                        0x198 (size before relaxing)
 .debug_str     0x0000000000000c9c     0x1502 build/obj/local/mips/objs/decomon/multimon.o
                                       0x1c77 (size before relaxing)

.debug_loc      0x0000000000000000     0x40d6
 *(.debug_loc)
 .debug_loc     0x0000000000000000      0x5d5 build/obj/local/mips/objs/decomon/hdlc.o
 .debug_loc     0x00000000000005d5      0x452 build/obj/local/mips/objs/decomon/demod_afsk12.o
 .debug_loc     0x0000000000000a27     0x2998 build/obj/local/mips/objs/decomon/pocsag.o
 .debug_loc     0x00000000000033bf      0x465 build/obj/local/mips/objs/decomon/demod_dtmf.o
 .debug_loc     0x0000000000003824      0x150 build/obj/local/mips/objs/decomon/demod_poc5.o
 .debug_loc     0x0000000000003974      0x13e build/obj/local/mips/objs/decomon/demod_poc12.o
 .debug_loc     0x0000000000003ab2      0x105 build/obj/local/mips/objs/decomon/demod_poc24.o
 .debug_loc     0x0000000000003bb7      0x51f build/obj/local/mips/objs/decomon/multimon.o

.debug_macinfo
 *(.debug_macinfo)

.debug_weaknames
 *(.debug_weaknames)

.debug_funcnames
 *(.debug_funcnames)

.debug_typenames
 *(.debug_typenames)

.debug_varnames
 *(.debug_varnames)

.debug_pubtypes
 *(.debug_pubtypes)

.debug_ranges   0x0000000000000000      0x920
 *(.debug_ranges)
 .debug_ranges  0x0000000000000000       0x20 build/obj/local/mips/objs/decomon/hdlc.o
 .debug_ranges  0x0000000000000020       0x90 build/obj/local/mips/objs/decomon/demod_afsk12.o
 .debug_ranges  0x00000000000000b0      0x630 build/obj/local/mips/objs/decomon/pocsag.o
 .debug_ranges  0x00000000000006e0      0x118 build/obj/local/mips/objs/decomon/demod_dtmf.o
 .debug_ranges  0x00000000000007f8       0x38 build/obj/local/mips/objs/decomon/demod_poc5.o
 .debug_ranges  0x0000000000000830       0x38 build/obj/local/mips/objs/decomon/demod_poc12.o
 .debug_ranges  0x0000000000000868       0x20 build/obj/local/mips/objs/decomon/demod_poc24.o
 .debug_ranges  0x0000000000000888       0x98 build/obj/local/mips/objs/decomon/multimon.o

.debug_macro
 *(.debug_macro)

.gnu.attributes
                0x0000000000000000       0x10
 *(.gnu.attributes)
 .gnu.attributes
                0x0000000000000000       0x10 /Users/Gowrav/Library/Android/sdk/ndk-bundle/platforms/android-19/arch-mips/usr/lib/crtbegin_so.o
 .gnu.attributes
                0x0000000000000010       0x10 build/obj/local/mips/objs/decomon/hdlc.o
 .gnu.attributes
                0x0000000000000020       0x10 build/obj/local/mips/objs/decomon/demod_afsk12.o
 .gnu.attributes
                0x0000000000000030       0x10 build/obj/local/mips/objs/decomon/pocsag.o
 .gnu.attributes
                0x0000000000000040       0x10 build/obj/local/mips/objs/decomon/demod_dtmf.o
 .gnu.attributes
                0x0000000000000050       0x10 build/obj/local/mips/objs/decomon/demod_poc5.o
 .gnu.attributes
                0x0000000000000060       0x10 build/obj/local/mips/objs/decomon/demod_poc12.o
 .gnu.attributes
                0x0000000000000070       0x10 build/obj/local/mips/objs/decomon/demod_poc24.o
 .gnu.attributes
                0x0000000000000080       0x10 build/obj/local/mips/objs/decomon/costabf.o
 .gnu.attributes
                0x0000000000000090       0x10 build/obj/local/mips/objs/decomon/costabi.o
 .gnu.attributes
                0x00000000000000a0       0x10 build/obj/local/mips/objs/decomon/multimon.o
 .gnu.attributes
                0x00000000000000b0       0x10 /Users/Gowrav/Library/Android/sdk/ndk-bundle/platforms/android-19/arch-mips/usr/lib/crtend_so.o

.gptab.sdata
 *(.gptab.data)
 *(.gptab.sdata)

.gptab.sbss
 *(.gptab.bss)
 *(.gptab.sbss)

.gcc_compiled_long32
 *(.gcc_compiled_long32)

.gcc_compiled_long64
 *(.gcc_compiled_long64)

/DISCARD/
 *(.note.GNU-stack)
 *(.gnu_debuglink)
 *(.gnu.lto_*)
 *(.mdebug.*)
OUTPUT(build/obj/local/mips/libdecomon.so elf32-tradlittlemips)
