
Allocating common symbols
Common symbol       size              file

env_global          0x4               build/obj/local/mips/objs/decomon/multimon.o
abp_global          0x4               build/obj/local/mips/objs/decomon/multimon.o

Discarded input sections

 .mdebug.abi32  0x0000000000000000        0x0 B:/Intel_INDE/IDEintegration/NDK/platforms/android-19/arch-mips/usr/lib/crtbegin_so.o
 .note.GNU-stack
                0x0000000000000000        0x0 B:/Intel_INDE/IDEintegration/NDK/platforms/android-19/arch-mips/usr/lib/crtbegin_so.o
 .reginfo       0x0000000000000000       0x18 build/obj/local/mips/objs/decomon/hdlc.o
 .MIPS.abiflags
                0x0000000000000000       0x18 build/obj/local/mips/objs/decomon/hdlc.o
 .mdebug.abi32  0x0000000000000000        0x0 build/obj/local/mips/objs/decomon/hdlc.o
 .note.GNU-stack
                0x0000000000000000        0x0 build/obj/local/mips/objs/decomon/hdlc.o
 .reginfo       0x0000000000000000       0x18 build/obj/local/mips/objs/decomon/demod_afsk12.o
 .MIPS.abiflags
                0x0000000000000000       0x18 build/obj/local/mips/objs/decomon/demod_afsk12.o
 .mdebug.abi32  0x0000000000000000        0x0 build/obj/local/mips/objs/decomon/demod_afsk12.o
 .note.GNU-stack
                0x0000000000000000        0x0 build/obj/local/mips/objs/decomon/demod_afsk12.o
 .reginfo       0x0000000000000000       0x18 build/obj/local/mips/objs/decomon/pocsag.o
 .MIPS.abiflags
                0x0000000000000000       0x18 build/obj/local/mips/objs/decomon/pocsag.o
 .mdebug.abi32  0x0000000000000000        0x0 build/obj/local/mips/objs/decomon/pocsag.o
 .note.GNU-stack
                0x0000000000000000        0x0 build/obj/local/mips/objs/decomon/pocsag.o
 .reginfo       0x0000000000000000       0x18 build/obj/local/mips/objs/decomon/demod_dtmf.o
 .MIPS.abiflags
                0x0000000000000000       0x18 build/obj/local/mips/objs/decomon/demod_dtmf.o
 .mdebug.abi32  0x0000000000000000        0x0 build/obj/local/mips/objs/decomon/demod_dtmf.o
 .note.GNU-stack
                0x0000000000000000        0x0 build/obj/local/mips/objs/decomon/demod_dtmf.o
 .reginfo       0x0000000000000000       0x18 build/obj/local/mips/objs/decomon/demod_poc5.o
 .MIPS.abiflags
                0x0000000000000000       0x18 build/obj/local/mips/objs/decomon/demod_poc5.o
 .mdebug.abi32  0x0000000000000000        0x0 build/obj/local/mips/objs/decomon/demod_poc5.o
 .note.GNU-stack
                0x0000000000000000        0x0 build/obj/local/mips/objs/decomon/demod_poc5.o
 .reginfo       0x0000000000000000       0x18 build/obj/local/mips/objs/decomon/demod_poc12.o
 .MIPS.abiflags
                0x0000000000000000       0x18 build/obj/local/mips/objs/decomon/demod_poc12.o
 .mdebug.abi32  0x0000000000000000        0x0 build/obj/local/mips/objs/decomon/demod_poc12.o
 .note.GNU-stack
                0x0000000000000000        0x0 build/obj/local/mips/objs/decomon/demod_poc12.o
 .reginfo       0x0000000000000000       0x18 build/obj/local/mips/objs/decomon/demod_poc24.o
 .MIPS.abiflags
                0x0000000000000000       0x18 build/obj/local/mips/objs/decomon/demod_poc24.o
 .mdebug.abi32  0x0000000000000000        0x0 build/obj/local/mips/objs/decomon/demod_poc24.o
 .note.GNU-stack
                0x0000000000000000        0x0 build/obj/local/mips/objs/decomon/demod_poc24.o
 .reginfo       0x0000000000000000       0x18 build/obj/local/mips/objs/decomon/costabf.o
 .MIPS.abiflags
                0x0000000000000000       0x18 build/obj/local/mips/objs/decomon/costabf.o
 .mdebug.abi32  0x0000000000000000        0x0 build/obj/local/mips/objs/decomon/costabf.o
 .note.GNU-stack
                0x0000000000000000        0x0 build/obj/local/mips/objs/decomon/costabf.o
 .reginfo       0x0000000000000000       0x18 build/obj/local/mips/objs/decomon/costabi.o
 .MIPS.abiflags
                0x0000000000000000       0x18 build/obj/local/mips/objs/decomon/costabi.o
 .mdebug.abi32  0x0000000000000000        0x0 build/obj/local/mips/objs/decomon/costabi.o
 .note.GNU-stack
                0x0000000000000000        0x0 build/obj/local/mips/objs/decomon/costabi.o
 .reginfo       0x0000000000000000       0x18 build/obj/local/mips/objs/decomon/multimon.o
 .MIPS.abiflags
                0x0000000000000000       0x18 build/obj/local/mips/objs/decomon/multimon.o
 .mdebug.abi32  0x0000000000000000        0x0 build/obj/local/mips/objs/decomon/multimon.o
 .note.GNU-stack
                0x0000000000000000        0x0 build/obj/local/mips/objs/decomon/multimon.o
 .MIPS.abiflags
                0x0000000000000000       0x18 B:/Intel_INDE/IDEintegration/NDK/platforms/android-19/arch-mips/usr/lib/crtend_so.o
 .reginfo       0x0000000000000000       0x18 B:/Intel_INDE/IDEintegration/NDK/platforms/android-19/arch-mips/usr/lib/crtend_so.o
 .note.GNU-stack
                0x0000000000000000        0x0 B:/Intel_INDE/IDEintegration/NDK/platforms/android-19/arch-mips/usr/lib/crtend_so.o

Memory Configuration

Name             Origin             Length             Attributes
*default*        0x0000000000000000 0xffffffffffffffff

Linker script and memory map

LOAD B:/Intel_INDE/IDEintegration/NDK/platforms/android-19/arch-mips/usr/lib/crtbegin_so.o
LOAD build/obj/local/mips/objs/decomon/hdlc.o
LOAD build/obj/local/mips/objs/decomon/demod_afsk12.o
LOAD build/obj/local/mips/objs/decomon/pocsag.o
LOAD build/obj/local/mips/objs/decomon/demod_dtmf.o
LOAD build/obj/local/mips/objs/decomon/demod_poc5.o
LOAD build/obj/local/mips/objs/decomon/demod_poc12.o
LOAD build/obj/local/mips/objs/decomon/demod_poc24.o
LOAD build/obj/local/mips/objs/decomon/costabf.o
LOAD build/obj/local/mips/objs/decomon/costabi.o
LOAD build/obj/local/mips/objs/decomon/multimon.o
LOAD B:/Intel_INDE/IDEintegration/NDK/toolchains/mipsel-linux-android-4.8/prebuilt/windows-x86_64/bin/../lib/gcc/mipsel-linux-android/4.8\libgcc.a
LOAD B:/Intel_INDE/IDEintegration/NDK/platforms/android-19/arch-mips/usr/lib/libdl.so
LOAD B:/Intel_INDE/IDEintegration/NDK/platforms/android-19/arch-mips/usr/lib/liblog.so
LOAD B:/Intel_INDE/IDEintegration/NDK/platforms/android-19/arch-mips/usr/lib/libstdc++.so
LOAD B:/Intel_INDE/IDEintegration/NDK/platforms/android-19/arch-mips/usr/lib/libm.so
LOAD B:/Intel_INDE/IDEintegration/NDK/platforms/android-19/arch-mips/usr/lib/libc.so
LOAD B:/Intel_INDE/IDEintegration/NDK/toolchains/mipsel-linux-android-4.8/prebuilt/windows-x86_64/bin/../lib/gcc/mipsel-linux-android/4.8\libgcc.a
LOAD B:/Intel_INDE/IDEintegration/NDK/platforms/android-19/arch-mips/usr/lib/libc.so
LOAD B:/Intel_INDE/IDEintegration/NDK/platforms/android-19/arch-mips/usr/lib/libdl.so
LOAD B:/Intel_INDE/IDEintegration/NDK/toolchains/mipsel-linux-android-4.8/prebuilt/windows-x86_64/bin/../lib/gcc/mipsel-linux-android/4.8\libgcc.a
LOAD B:/Intel_INDE/IDEintegration/NDK/platforms/android-19/arch-mips/usr/lib/crtend_so.o
                0x0000000000000154                . = (0x0 + SIZEOF_HEADERS)

.MIPS.abiflags  0x0000000000000158       0x18
 *(.MIPS.abiflags)
 .MIPS.abiflags
                0x0000000000000158       0x18 B:/Intel_INDE/IDEintegration/NDK/platforms/android-19/arch-mips/usr/lib/crtbegin_so.o

.reginfo        0x0000000000000170       0x18
 *(.reginfo)
 .reginfo       0x0000000000000170       0x18 B:/Intel_INDE/IDEintegration/NDK/platforms/android-19/arch-mips/usr/lib/crtbegin_so.o

.note.gnu.build-id
 *(.note.gnu.build-id)

.hash           0x0000000000000188      0x18c
 *(.hash)
 .hash          0x0000000000000188      0x18c B:/Intel_INDE/IDEintegration/NDK/platforms/android-19/arch-mips/usr/lib/crtbegin_so.o

.gnu.hash
 *(.gnu.hash)

.dynsym         0x0000000000000314      0x3c0
 *(.dynsym)
 .dynsym        0x0000000000000314      0x3c0 B:/Intel_INDE/IDEintegration/NDK/platforms/android-19/arch-mips/usr/lib/crtbegin_so.o

.dynstr         0x00000000000006d4      0x33d
 *(.dynstr)
 .dynstr        0x00000000000006d4      0x33d B:/Intel_INDE/IDEintegration/NDK/platforms/android-19/arch-mips/usr/lib/crtbegin_so.o

.gnu.version    0x0000000000000a12        0x0
 *(.gnu.version)
 .gnu.version   0x0000000000000000        0x0 B:/Intel_INDE/IDEintegration/NDK/platforms/android-19/arch-mips/usr/lib/crtbegin_so.o

.gnu.version_d  0x0000000000000a14        0x0
 *(.gnu.version_d)
 .gnu.version_d
                0x0000000000000000        0x0 B:/Intel_INDE/IDEintegration/NDK/platforms/android-19/arch-mips/usr/lib/crtbegin_so.o

.gnu.version_r  0x0000000000000a14        0x0
 *(.gnu.version_r)
 .gnu.version_r
                0x0000000000000000        0x0 B:/Intel_INDE/IDEintegration/NDK/platforms/android-19/arch-mips/usr/lib/crtbegin_so.o

.rel.dyn        0x0000000000000a14      0x2d0
 *(.rel.init)
 *(.rel.text .rel.text.* .rel.gnu.linkonce.t.*)
 *(.rel.fini)
 *(.rel.rodata .rel.rodata.* .rel.gnu.linkonce.r.*)
 *(.rel.data.rel.ro .rel.data.rel.ro.* .rel.gnu.linkonce.d.rel.ro.*)
 *(.rel.data .rel.data.* .rel.gnu.linkonce.d.*)
 *(.rel.tdata .rel.tdata.* .rel.gnu.linkonce.td.*)
 *(.rel.tbss .rel.tbss.* .rel.gnu.linkonce.tb.*)
 *(.rel.ctors)
 *(.rel.dtors)
 *(.rel.got)
 *(.rel.dyn)
 .rel.dyn       0x0000000000000a14      0x2d0 B:/Intel_INDE/IDEintegration/NDK/platforms/android-19/arch-mips/usr/lib/crtbegin_so.o
 *(.rel.sdata .rel.sdata.* .rel.gnu.linkonce.s.*)
 *(.rel.sbss .rel.sbss.* .rel.gnu.linkonce.sb.*)
 *(.rel.sdata2 .rel.sdata2.* .rel.gnu.linkonce.s2.*)
 *(.rel.sbss2 .rel.sbss2.* .rel.gnu.linkonce.sb2.*)
 *(.rel.bss .rel.bss.* .rel.gnu.linkonce.b.*)
 *(.rel.iplt)

.rela.dyn
 *(.rela.init)
 *(.rela.text .rela.text.* .rela.gnu.linkonce.t.*)
 *(.rela.fini)
 *(.rela.rodata .rela.rodata.* .rela.gnu.linkonce.r.*)
 *(.rela.data .rela.data.* .rela.gnu.linkonce.d.*)
 *(.rela.tdata .rela.tdata.* .rela.gnu.linkonce.td.*)
 *(.rela.tbss .rela.tbss.* .rela.gnu.linkonce.tb.*)
 *(.rela.ctors)
 *(.rela.dtors)
 *(.rela.got)
 *(.rela.sdata .rela.sdata.* .rela.gnu.linkonce.s.*)
 *(.rela.sbss .rela.sbss.* .rela.gnu.linkonce.sb.*)
 *(.rela.sdata2 .rela.sdata2.* .rela.gnu.linkonce.s2.*)
 *(.rela.sbss2 .rela.sbss2.* .rela.gnu.linkonce.sb2.*)
 *(.rela.bss .rela.bss.* .rela.gnu.linkonce.b.*)
 *(.rela.iplt)

.rel.plt        0x0000000000000ce4        0x0
 *(.rel.plt)
 .rel.plt       0x0000000000000000        0x0 B:/Intel_INDE/IDEintegration/NDK/platforms/android-19/arch-mips/usr/lib/crtbegin_so.o

.rela.plt
 *(.rela.plt)

.init
 *(SORT(.init))

.text           0x0000000000000cf0     0x45f0
                0x0000000000000cf0                _ftext = .
 *(.text.unlikely .text.*_unlikely .text.unlikely.*)
 *(.text.exit .text.exit.*)
 .text.exit     0x0000000000000cf0       0x18 B:/Intel_INDE/IDEintegration/NDK/platforms/android-19/arch-mips/usr/lib/crtbegin_so.o
                0x0000000000000cf0                __on_dlclose
 *(.text.startup .text.startup.*)
 *(.text.hot .text.hot.*)
 *(.text .stub .text.* .gnu.linkonce.t.*)
 *fill*         0x0000000000000d08        0x8 
 .text          0x0000000000000d10       0x40 B:/Intel_INDE/IDEintegration/NDK/platforms/android-19/arch-mips/usr/lib/crtbegin_so.o
                0x0000000000000d10                __atexit_handler_wrapper
                0x0000000000000d28                atexit
 .text          0x0000000000000d50        0x0 build/obj/local/mips/objs/decomon/hdlc.o
 .text.ax25_disp_packet.isra.0
                0x0000000000000d50      0xd78 build/obj/local/mips/objs/decomon/hdlc.o
 .text.hdlc_init
                0x0000000000001ac8       0x64 build/obj/local/mips/objs/decomon/hdlc.o
                0x0000000000001ac8                hdlc_init
 .text.hdlc_rxbit
                0x0000000000001b2c      0x170 build/obj/local/mips/objs/decomon/hdlc.o
                0x0000000000001b2c                hdlc_rxbit
 *fill*         0x0000000000001c9c        0x4 
 .text          0x0000000000001ca0        0x0 build/obj/local/mips/objs/decomon/demod_afsk12.o
 .text.afsk12_demod
                0x0000000000001ca0      0x31c build/obj/local/mips/objs/decomon/demod_afsk12.o
 .text.afsk12_init
                0x0000000000001fbc      0x1bc build/obj/local/mips/objs/decomon/demod_afsk12.o
 *fill*         0x0000000000002178        0x8 
 .text          0x0000000000002180        0x0 build/obj/local/mips/objs/decomon/pocsag.o
 .text.pocsag_printmessage.part.3
                0x0000000000002180      0xd00 build/obj/local/mips/objs/decomon/pocsag.o
 .text.pocsag_printmessage
                0x0000000000002e80      0x1f4 build/obj/local/mips/objs/decomon/pocsag.o
 .text.pocsag_brute_repair.part.4
                0x0000000000003074      0x6c8 build/obj/local/mips/objs/decomon/pocsag.o
 .text.pocsag_init
                0x000000000000373c       0x50 build/obj/local/mips/objs/decomon/pocsag.o
                0x000000000000373c                pocsag_init
 .text.pocsag_deinit
                0x000000000000378c      0x1b4 build/obj/local/mips/objs/decomon/pocsag.o
                0x000000000000378c                pocsag_deinit
 .text.pocsag_brute_repair
                0x0000000000003940      0x168 build/obj/local/mips/objs/decomon/pocsag.o
                0x0000000000003940                pocsag_brute_repair
 .text.pocsag_rxbit
                0x0000000000003aa8      0x6f4 build/obj/local/mips/objs/decomon/pocsag.o
                0x0000000000003aa8                pocsag_rxbit
 *fill*         0x000000000000419c        0x4 
 .text          0x00000000000041a0        0x0 build/obj/local/mips/objs/decomon/demod_dtmf.o
 .text.dtmf_init
                0x00000000000041a0       0x20 build/obj/local/mips/objs/decomon/demod_dtmf.o
 .text.dtmf_demod
                0x00000000000041c0      0x514 build/obj/local/mips/objs/decomon/demod_dtmf.o
 *fill*         0x00000000000046d4        0xc 
 .text          0x00000000000046e0        0x0 build/obj/local/mips/objs/decomon/demod_poc5.o
 .text.poc5_deinit
                0x00000000000046e0       0x18 build/obj/local/mips/objs/decomon/demod_poc5.o
 .text.poc5_demod
                0x00000000000046f8      0x1b8 build/obj/local/mips/objs/decomon/demod_poc5.o
 .text.poc5_init
                0x00000000000048b0       0x68 build/obj/local/mips/objs/decomon/demod_poc5.o
 *fill*         0x0000000000004918        0x8 
 .text          0x0000000000004920        0x0 build/obj/local/mips/objs/decomon/demod_poc12.o
 .text.poc12_deinit
                0x0000000000004920       0x18 build/obj/local/mips/objs/decomon/demod_poc12.o
 .text.poc12_demod
                0x0000000000004938      0x1cc build/obj/local/mips/objs/decomon/demod_poc12.o
 .text.poc12_init
                0x0000000000004b04       0x68 build/obj/local/mips/objs/decomon/demod_poc12.o
 *fill*         0x0000000000004b6c        0x4 
 .text          0x0000000000004b70        0x0 build/obj/local/mips/objs/decomon/demod_poc24.o
 .text.poc24_deinit
                0x0000000000004b70       0x18 build/obj/local/mips/objs/decomon/demod_poc24.o
 .text.poc24_demod
                0x0000000000004b88      0x150 build/obj/local/mips/objs/decomon/demod_poc24.o
 .text.poc24_init
                0x0000000000004cd8       0x7c build/obj/local/mips/objs/decomon/demod_poc24.o
 *fill*         0x0000000000004d54        0xc 
 .text          0x0000000000004d60        0x0 build/obj/local/mips/objs/decomon/costabf.o
 .text          0x0000000000004d60        0x0 build/obj/local/mips/objs/decomon/costabi.o
 .text          0x0000000000004d60        0x0 build/obj/local/mips/objs/decomon/multimon.o
 .text.verbprintf
                0x0000000000004d60        0xc build/obj/local/mips/objs/decomon/multimon.o
                0x0000000000004d60                verbprintf
 .text.JNI_OnLoad
                0x0000000000004d6c       0x48 build/obj/local/mips/objs/decomon/multimon.o
                0x0000000000004d6c                JNI_OnLoad
 .text.Java_com_geeksynergy_airpaper_AudioBufferProcessor_init
                0x0000000000004db4      0x184 build/obj/local/mips/objs/decomon/multimon.o
                0x0000000000004db4                Java_com_geeksynergy_airpaper_AudioBufferProcessor_init
 .text.Java_com_geeksynergy_airpaper_AudioBufferProcessor_processBuffer2
                0x0000000000004f38      0x180 build/obj/local/mips/objs/decomon/multimon.o
                0x0000000000004f38                Java_com_geeksynergy_airpaper_AudioBufferProcessor_processBuffer2
 .text.Java_com_geeksynergy_airpaper_AudioBufferProcessor_processBuffer
                0x00000000000050b8       0xb4 build/obj/local/mips/objs/decomon/multimon.o
                0x00000000000050b8                Java_com_geeksynergy_airpaper_AudioBufferProcessor_processBuffer
 .text.send_frame_to_java
                0x000000000000516c      0x16c build/obj/local/mips/objs/decomon/multimon.o
                0x000000000000516c                send_frame_to_java
 *fill*         0x00000000000052d8        0x8 
 .text          0x00000000000052e0        0x0 B:/Intel_INDE/IDEintegration/NDK/platforms/android-19/arch-mips/usr/lib/crtend_so.o
 *(.gnu.warning)
 *(.mips16.fn.*)
 *(.mips16.call.*)

.MIPS.stubs     0x00000000000052e0      0x150
 .MIPS.stubs    0x00000000000052e0      0x150 B:/Intel_INDE/IDEintegration/NDK/platforms/android-19/arch-mips/usr/lib/crtbegin_so.o
                0x00000000000052e0                memmove
                0x00000000000052e0                _MIPS_STUBS_
                0x00000000000052f0                snprintf
                0x0000000000005300                mknod
                0x0000000000005310                memcpy
                0x0000000000005320                __cxa_finalize
                0x0000000000005330                malloc
                0x0000000000005340                __android_log_print
                0x0000000000005350                fflush
                0x0000000000005360                fprintf
                0x0000000000005370                cos
                0x0000000000005380                sin
                0x0000000000005390                unlink
                0x00000000000053a0                __cxa_atexit
                0x00000000000053b0                fopen
                0x00000000000053c0                memset
                0x00000000000053d0                fputc
                0x00000000000053e0                fwrite
                0x00000000000053f0                exit
                0x0000000000005400                strlen
                0x0000000000005410                free

.fini
 *(SORT(.fini))
                0x0000000000005430                PROVIDE (__etext, .)
                0x0000000000005430                PROVIDE (_etext, .)
                0x0000000000005430                PROVIDE (etext, .)

.rodata         0x0000000000005430      0x9e8
 *(.rodata .rodata.* .gnu.linkonce.r.*)
 .rodata.str1.4
                0x0000000000005430      0x10a build/obj/local/mips/objs/decomon/hdlc.o
                                        0x110 (size before relaxing)
 *fill*         0x000000000000553a        0x6 
 .rodata        0x0000000000005540      0x200 build/obj/local/mips/objs/decomon/hdlc.o
 .rodata.str1.4
                0x0000000000005740       0x41 build/obj/local/mips/objs/decomon/demod_afsk12.o
                                         0x48 (size before relaxing)
 *fill*         0x0000000000005781        0x7 
 .rodata.cst8   0x0000000000005788       0x18 build/obj/local/mips/objs/decomon/demod_afsk12.o
 .rodata.str1.4
                0x00000000000057a0      0x442 build/obj/local/mips/objs/decomon/pocsag.o
                                        0x464 (size before relaxing)
 *fill*         0x0000000000005be2        0xe 
 .rodata        0x0000000000005bf0       0x30 build/obj/local/mips/objs/decomon/pocsag.o
 .rodata.cst8   0x0000000000005c20       0x10 build/obj/local/mips/objs/decomon/pocsag.o
 .rodata.str1.4
                0x0000000000005c30       0x71 build/obj/local/mips/objs/decomon/demod_dtmf.o
                                         0x88 (size before relaxing)
 *fill*         0x0000000000005ca1        0xf 
 .rodata        0x0000000000005cb0       0x20 build/obj/local/mips/objs/decomon/demod_dtmf.o
 .rodata.cst4   0x0000000000005cd0        0x4 build/obj/local/mips/objs/decomon/demod_dtmf.o
 *fill*         0x0000000000005cd4        0x4 
 .rodata.cst8   0x0000000000005cd8       0x10 build/obj/local/mips/objs/decomon/demod_dtmf.o
 .rodata.str1.4
                0x0000000000005ce8        0xa build/obj/local/mips/objs/decomon/demod_poc5.o
                                         0x10 (size before relaxing)
 *fill*         0x0000000000005cf2        0x2 
 .rodata.str1.4
                0x0000000000005cf4        0xb build/obj/local/mips/objs/decomon/demod_poc12.o
                                         0x10 (size before relaxing)
 *fill*         0x0000000000005cff        0x1 
 .rodata.str1.4
                0x0000000000005d00       0x27 build/obj/local/mips/objs/decomon/demod_poc24.o
                                         0x40 (size before relaxing)
 *fill*         0x0000000000005d27        0x1 
 .rodata.str1.4
                0x0000000000005d28       0xe4 build/obj/local/mips/objs/decomon/multimon.o
                                         0xf8 (size before relaxing)
 *fill*         0x0000000000005e0c        0x4 
 .rodata.cst8   0x0000000000005e10        0x8 build/obj/local/mips/objs/decomon/multimon.o

.rodata1
 *(.rodata1)

.eh_frame_hdr   0x0000000000005e18       0xf4
 *(.eh_frame_hdr)
 .eh_frame_hdr  0x0000000000005e18       0xf4 build/obj/local/mips/objs/decomon/hdlc.o

.eh_frame       0x0000000000005f0c      0x5b4
 *(.eh_frame)
 .eh_frame      0x0000000000005f0c       0xc4 build/obj/local/mips/objs/decomon/hdlc.o
 .eh_frame      0x0000000000005fd0       0x90 build/obj/local/mips/objs/decomon/demod_afsk12.o
                                         0xa4 (size before relaxing)
 .eh_frame      0x0000000000006060      0x198 build/obj/local/mips/objs/decomon/pocsag.o
                                        0x1ac (size before relaxing)
 .eh_frame      0x00000000000061f8       0x64 build/obj/local/mips/objs/decomon/demod_dtmf.o
                                         0x78 (size before relaxing)
 .eh_frame      0x000000000000625c       0x78 build/obj/local/mips/objs/decomon/demod_poc5.o
                                         0x8c (size before relaxing)
 .eh_frame      0x00000000000062d4       0x7c build/obj/local/mips/objs/decomon/demod_poc12.o
                                         0x90 (size before relaxing)
 .eh_frame      0x0000000000006350       0x6c build/obj/local/mips/objs/decomon/demod_poc24.o
                                         0x80 (size before relaxing)
 .eh_frame      0x00000000000063bc      0x104 build/obj/local/mips/objs/decomon/multimon.o
                                        0x118 (size before relaxing)

.gcc_except_table
 *(.gcc_except_table .gcc_except_table.*)

.exception_ranges
 *(.exception_ranges .exception_ranges*)

.plt            0x00000000000064c0        0x0
 *(.plt)
 .plt           0x0000000000000000        0x0 B:/Intel_INDE/IDEintegration/NDK/platforms/android-19/arch-mips/usr/lib/crtbegin_so.o

.iplt
 *(.iplt)
                0x0000000000010000                . = ALIGN (0x10000)
                0x0000000000010d08                . = DATA_SEGMENT_ALIGN (0x10000, 0x1000)

.eh_frame
 *(.eh_frame)

.gcc_except_table
 *(.gcc_except_table .gcc_except_table.*)

.exception_ranges
 *(.exception_ranges .exception_ranges*)

.tdata
 *(.tdata .tdata.* .gnu.linkonce.td.*)

.tbss
 *(.tbss .tbss.* .gnu.linkonce.tb.*)
 *(.tcommon)
                0x0000000000010d08                . = ALIGN (0x4)

.preinit_array
 *(.preinit_array)

.init_array     0x0000000000010d08        0x4
 *crtbegin*.o(.init_array)
 *(SORT(.init_array.*) SORT(.ctors.*))
 *(.init_array EXCLUDE_FILE(*crtend*.o *crtend.o *crtbegin*.o *crtbegin.o) .ctors)
 .init_array    0x0000000000010d08        0x4 B:/Intel_INDE/IDEintegration/NDK/platforms/android-19/arch-mips/usr/lib/crtend_so.o

.fini_array     0x0000000000010d0c        0x8
 *crtbegin*.o(.fini_array)
 .fini_array    0x0000000000010d0c        0x4 B:/Intel_INDE/IDEintegration/NDK/platforms/android-19/arch-mips/usr/lib/crtbegin_so.o
 *(SORT(.fini_array.*) SORT(.dtors.*))
 *(.fini_array EXCLUDE_FILE(*crtend*.o *crtend.o *crtbegin*.o *crtbegin.o) .dtors)
 .fini_array    0x0000000000010d10        0x4 B:/Intel_INDE/IDEintegration/NDK/platforms/android-19/arch-mips/usr/lib/crtend_so.o

.ctors
 *crtbegin.o(.ctors)
 *crtbegin*.o(.ctors)
 *(EXCLUDE_FILE(*crtend*.o *crtend.o) .ctors)
 *(SORT(.ctors.*))
 *(.ctors)

.dtors
 *crtbegin.o(.dtors)
 *crtbegin*.o(.dtors)
 *(EXCLUDE_FILE(*crtend*.o *crtend.o) .dtors)
 *(SORT(.dtors.*))
 *(.dtors)

.jcr
 *(.jcr)

.data.rel.ro    0x0000000000010d14      0x1cc
 *(.data.rel.ro.local* .gnu.linkonce.d.rel.ro.local.*)
 .data.rel.ro.local
                0x0000000000010d14       0x1c build/obj/local/mips/objs/decomon/demod_afsk12.o
                0x0000000000010d14                demod_afsk1200
 .data.rel.ro.local
                0x0000000000010d30      0x140 build/obj/local/mips/objs/decomon/pocsag.o
 .data.rel.ro.local
                0x0000000000010e70       0x1c build/obj/local/mips/objs/decomon/demod_dtmf.o
                0x0000000000010e70                demod_dtmf
 .data.rel.ro.local
                0x0000000000010e8c       0x1c build/obj/local/mips/objs/decomon/demod_poc5.o
                0x0000000000010e8c                demod_poc5
 .data.rel.ro.local
                0x0000000000010ea8       0x1c build/obj/local/mips/objs/decomon/demod_poc12.o
                0x0000000000010ea8                demod_poc12
 .data.rel.ro.local
                0x0000000000010ec4       0x1c build/obj/local/mips/objs/decomon/demod_poc24.o
                0x0000000000010ec4                demod_poc24
 *(.data.rel.ro .data.rel.ro.* .gnu.linkonce.d.rel.ro.*)

.got.plt        0x0000000000010ee0        0x0
 *(.got.plt)
 .got.plt       0x0000000000000000        0x0 B:/Intel_INDE/IDEintegration/NDK/platforms/android-19/arch-mips/usr/lib/crtbegin_so.o

.dynamic        0x0000000000010ee0      0x120
 *(.dynamic)
 .dynamic       0x0000000000010ee0      0x120 B:/Intel_INDE/IDEintegration/NDK/platforms/android-19/arch-mips/usr/lib/crtbegin_so.o
                0x0000000000010ee0                _DYNAMIC
                0x0000000000011000                . = DATA_SEGMENT_RELRO_END (., 0x0)

.data           0x0000000000011000     0x2030
                0x0000000000011000                _fdata = .
 *(.data .data.* .gnu.linkonce.d.*)
 .data          0x0000000000011000       0x10 B:/Intel_INDE/IDEintegration/NDK/platforms/android-19/arch-mips/usr/lib/crtbegin_so.o
                0x0000000000011000                __dso_handle
 .data          0x0000000000011010        0x0 build/obj/local/mips/objs/decomon/hdlc.o
 .data          0x0000000000011010        0x0 build/obj/local/mips/objs/decomon/demod_afsk12.o
 .data          0x0000000000011010       0x10 build/obj/local/mips/objs/decomon/pocsag.o
                0x0000000000011010                pocsag_error_correction
                0x0000000000011014                pocsag_invert_input
 .data          0x0000000000011020        0x0 build/obj/local/mips/objs/decomon/demod_dtmf.o
 .data          0x0000000000011020        0x0 build/obj/local/mips/objs/decomon/demod_poc5.o
 .data          0x0000000000011020        0x0 build/obj/local/mips/objs/decomon/demod_poc12.o
 .data          0x0000000000011020        0x0 build/obj/local/mips/objs/decomon/demod_poc24.o
 .data          0x0000000000011020     0x1000 build/obj/local/mips/objs/decomon/costabf.o
                0x0000000000011020                costabf
 .data          0x0000000000012020     0x1000 build/obj/local/mips/objs/decomon/costabi.o
                0x0000000000012020                costabi
 .data          0x0000000000013020       0x10 build/obj/local/mips/objs/decomon/multimon.o
 .data          0x0000000000013030        0x0 B:/Intel_INDE/IDEintegration/NDK/platforms/android-19/arch-mips/usr/lib/crtend_so.o

.data1
 *(.data1)
                0x0000000000013030                . = .
                0x0000000000013030                . = .
                0x000000000001b020                _gp = (ALIGN (0x10) + 0x7ff0)

.got            0x0000000000013030       0xc4
 *(.got)
 .got           0x0000000000013030       0xc4 B:/Intel_INDE/IDEintegration/NDK/platforms/android-19/arch-mips/usr/lib/crtbegin_so.o
                0x0000000000013030                _GLOBAL_OFFSET_TABLE_

.sdata
 *(.sdata2 .sdata2.* .gnu.linkonce.s2.*)
 *(.sdata .sdata.* .gnu.linkonce.s.*)

.lit8
 *(.lit8)

.lit4
 *(.lit4)
                0x00000000000130f4                _edata = .
                0x00000000000130f4                PROVIDE (edata, .)
                0x00000000000130f4                . = .
                0x00000000000130f4                __bss_start = .
                0x00000000000130f4                _fbss = .

.sbss           0x00000000000130f4        0x8
 *(.sbss2 .sbss2.* .gnu.linkonce.sb2.*)
 *(.dynsbss)
 *(.sbss .sbss.* .gnu.linkonce.sb.*)
 *(.scommon)
 .scommon       0x00000000000130f4        0x8 build/obj/local/mips/objs/decomon/multimon.o
                0x00000000000130f4                env_global
                0x00000000000130f8                abp_global

.bss            0x0000000000013100    0x105b0
 *(.dynbss)
 .dynbss        0x0000000000000000        0x0 B:/Intel_INDE/IDEintegration/NDK/platforms/android-19/arch-mips/usr/lib/crtbegin_so.o
 *(.bss .bss.* .gnu.linkonce.b.*)
 .bss           0x0000000000013100        0x0 B:/Intel_INDE/IDEintegration/NDK/platforms/android-19/arch-mips/usr/lib/crtbegin_so.o
 .bss           0x0000000000013100       0x10 build/obj/local/mips/objs/decomon/hdlc.o
 .bss           0x0000000000013110      0x120 build/obj/local/mips/objs/decomon/demod_afsk12.o
 .bss           0x0000000000013230       0x10 build/obj/local/mips/objs/decomon/pocsag.o
                0x0000000000013230                pocsag_prune_empty
                0x0000000000013234                pocsag_heuristic_pruning
                0x0000000000013238                pocsag_show_partial_decodes
                0x000000000001323c                pocsag_mode
 .bss           0x0000000000013240        0x0 build/obj/local/mips/objs/decomon/demod_dtmf.o
 .bss           0x0000000000013240        0x0 build/obj/local/mips/objs/decomon/demod_poc5.o
 .bss           0x0000000000013240        0x0 build/obj/local/mips/objs/decomon/demod_poc12.o
 .bss           0x0000000000013240        0x0 build/obj/local/mips/objs/decomon/demod_poc24.o
 .bss           0x0000000000013240        0x0 build/obj/local/mips/objs/decomon/costabf.o
 .bss           0x0000000000013240        0x0 build/obj/local/mips/objs/decomon/costabi.o
 .bss           0x0000000000013240    0x10470 build/obj/local/mips/objs/decomon/multimon.o
 .bss           0x00000000000236b0        0x0 B:/Intel_INDE/IDEintegration/NDK/platforms/android-19/arch-mips/usr/lib/crtend_so.o
 *(COMMON)
                0x00000000000236b0                . = ALIGN (0x4)
                0x00000000000236b0                . = ALIGN (0x4)
                0x00000000000236b0                . = SEGMENT_START ("ldata-segment", .)
                0x00000000000236b0                . = ALIGN (0x4)
                0x00000000000236b0                _end = .
                0x00000000000236b0                _bss_end__ = .
                0x00000000000236b0                __bss_end__ = .
                0x00000000000236b0                __end__ = .
                0x00000000000236b0                PROVIDE (end, .)
                0x00000000000236b0                . = DATA_SEGMENT_END (.)

.stab
 *(.stab)

.stabstr
 *(.stabstr)

.stab.excl
 *(.stab.excl)

.stab.exclstr
 *(.stab.exclstr)

.stab.index
 *(.stab.index)

.stab.indexstr
 *(.stab.indexstr)

.comment        0x0000000000000000       0x34
 *(.comment)
 .comment       0x0000000000000000       0x25 B:/Intel_INDE/IDEintegration/NDK/platforms/android-19/arch-mips/usr/lib/crtbegin_so.o
                                         0x26 (size before relaxing)
 .comment       0x0000000000000025        0xf build/obj/local/mips/objs/decomon/hdlc.o
                                         0x10 (size before relaxing)
 .comment       0x0000000000000000       0x10 build/obj/local/mips/objs/decomon/demod_afsk12.o
 .comment       0x0000000000000000       0x10 build/obj/local/mips/objs/decomon/pocsag.o
 .comment       0x0000000000000000       0x10 build/obj/local/mips/objs/decomon/demod_dtmf.o
 .comment       0x0000000000000000       0x10 build/obj/local/mips/objs/decomon/demod_poc5.o
 .comment       0x0000000000000000       0x10 build/obj/local/mips/objs/decomon/demod_poc12.o
 .comment       0x0000000000000000       0x10 build/obj/local/mips/objs/decomon/demod_poc24.o
 .comment       0x0000000000000000       0x10 build/obj/local/mips/objs/decomon/costabf.o
 .comment       0x0000000000000000       0x10 build/obj/local/mips/objs/decomon/costabi.o
 .comment       0x0000000000000000       0x10 build/obj/local/mips/objs/decomon/multimon.o

.pdr            0x0000000000000000      0x400
 .pdr           0x0000000000000000       0x60 B:/Intel_INDE/IDEintegration/NDK/platforms/android-19/arch-mips/usr/lib/crtbegin_so.o
 .pdr           0x0000000000000060       0x60 build/obj/local/mips/objs/decomon/hdlc.o
 .pdr           0x00000000000000c0       0x40 build/obj/local/mips/objs/decomon/demod_afsk12.o
 .pdr           0x0000000000000100       0xe0 build/obj/local/mips/objs/decomon/pocsag.o
 .pdr           0x00000000000001e0       0x40 build/obj/local/mips/objs/decomon/demod_dtmf.o
 .pdr           0x0000000000000220       0x60 build/obj/local/mips/objs/decomon/demod_poc5.o
 .pdr           0x0000000000000280       0x60 build/obj/local/mips/objs/decomon/demod_poc12.o
 .pdr           0x00000000000002e0       0x60 build/obj/local/mips/objs/decomon/demod_poc24.o
 .pdr           0x0000000000000340        0x0 build/obj/local/mips/objs/decomon/costabf.o
 .pdr           0x0000000000000340        0x0 build/obj/local/mips/objs/decomon/costabi.o
 .pdr           0x0000000000000340       0xc0 build/obj/local/mips/objs/decomon/multimon.o
 .pdr           0x0000000000000400        0x0 B:/Intel_INDE/IDEintegration/NDK/platforms/android-19/arch-mips/usr/lib/crtend_so.o

.debug
 *(.debug)

.line
 *(.line)

.debug_srcinfo
 *(.debug_srcinfo)

.debug_sfnames
 *(.debug_sfnames)

.debug_aranges  0x0000000000000000      0x1d8
 *(.debug_aranges)
 .debug_aranges
                0x0000000000000000       0x30 build/obj/local/mips/objs/decomon/hdlc.o
 .debug_aranges
                0x0000000000000030       0x28 build/obj/local/mips/objs/decomon/demod_afsk12.o
 .debug_aranges
                0x0000000000000058       0x50 build/obj/local/mips/objs/decomon/pocsag.o
 .debug_aranges
                0x00000000000000a8       0x28 build/obj/local/mips/objs/decomon/demod_dtmf.o
 .debug_aranges
                0x00000000000000d0       0x30 build/obj/local/mips/objs/decomon/demod_poc5.o
 .debug_aranges
                0x0000000000000100       0x30 build/obj/local/mips/objs/decomon/demod_poc12.o
 .debug_aranges
                0x0000000000000130       0x30 build/obj/local/mips/objs/decomon/demod_poc24.o
 .debug_aranges
                0x0000000000000160       0x18 build/obj/local/mips/objs/decomon/costabf.o
 .debug_aranges
                0x0000000000000178       0x18 build/obj/local/mips/objs/decomon/costabi.o
 .debug_aranges
                0x0000000000000190       0x48 build/obj/local/mips/objs/decomon/multimon.o

.debug_pubnames
 *(.debug_pubnames)

.debug_info     0x0000000000000000     0x9997
 *(.debug_info .gnu.linkonce.wi.*)
 .debug_info    0x0000000000000000     0x1163 build/obj/local/mips/objs/decomon/hdlc.o
 .debug_info    0x0000000000001163      0xadf build/obj/local/mips/objs/decomon/demod_afsk12.o
 .debug_info    0x0000000000001c42     0x21eb build/obj/local/mips/objs/decomon/pocsag.o
 .debug_info    0x0000000000003e2d      0xa6b build/obj/local/mips/objs/decomon/demod_dtmf.o
 .debug_info    0x0000000000004898      0x79b build/obj/local/mips/objs/decomon/demod_poc5.o
 .debug_info    0x0000000000005033      0x79b build/obj/local/mips/objs/decomon/demod_poc12.o
 .debug_info    0x00000000000057ce      0x7e6 build/obj/local/mips/objs/decomon/demod_poc24.o
 .debug_info    0x0000000000005fb4       0x4e build/obj/local/mips/objs/decomon/costabf.o
 .debug_info    0x0000000000006002       0x4e build/obj/local/mips/objs/decomon/costabi.o
 .debug_info    0x0000000000006050     0x3947 build/obj/local/mips/objs/decomon/multimon.o

.debug_abbrev   0x0000000000000000     0x11dc
 *(.debug_abbrev)
 .debug_abbrev  0x0000000000000000      0x204 build/obj/local/mips/objs/decomon/hdlc.o
 .debug_abbrev  0x0000000000000204      0x23a build/obj/local/mips/objs/decomon/demod_afsk12.o
 .debug_abbrev  0x000000000000043e      0x37b build/obj/local/mips/objs/decomon/pocsag.o
 .debug_abbrev  0x00000000000007b9      0x246 build/obj/local/mips/objs/decomon/demod_dtmf.o
 .debug_abbrev  0x00000000000009ff      0x171 build/obj/local/mips/objs/decomon/demod_poc5.o
 .debug_abbrev  0x0000000000000b70      0x171 build/obj/local/mips/objs/decomon/demod_poc12.o
 .debug_abbrev  0x0000000000000ce1      0x171 build/obj/local/mips/objs/decomon/demod_poc24.o
 .debug_abbrev  0x0000000000000e52       0x3e build/obj/local/mips/objs/decomon/costabf.o
 .debug_abbrev  0x0000000000000e90       0x49 build/obj/local/mips/objs/decomon/costabi.o
 .debug_abbrev  0x0000000000000ed9      0x303 build/obj/local/mips/objs/decomon/multimon.o

.debug_line     0x0000000000000000     0x1b5a
 *(.debug_line .debug_line.* .debug_line_end)
 .debug_line    0x0000000000000000      0x3cd build/obj/local/mips/objs/decomon/hdlc.o
 .debug_line    0x00000000000003cd      0x280 build/obj/local/mips/objs/decomon/demod_afsk12.o
 .debug_line    0x000000000000064d      0x90a build/obj/local/mips/objs/decomon/pocsag.o
 .debug_line    0x0000000000000f57      0x284 build/obj/local/mips/objs/decomon/demod_dtmf.o
 .debug_line    0x00000000000011db      0x185 build/obj/local/mips/objs/decomon/demod_poc5.o
 .debug_line    0x0000000000001360      0x188 build/obj/local/mips/objs/decomon/demod_poc12.o
 .debug_line    0x00000000000014e8      0x1d4 build/obj/local/mips/objs/decomon/demod_poc24.o
 .debug_line    0x00000000000016bc       0x37 build/obj/local/mips/objs/decomon/costabf.o
 .debug_line    0x00000000000016f3       0x37 build/obj/local/mips/objs/decomon/costabi.o
 .debug_line    0x000000000000172a      0x430 build/obj/local/mips/objs/decomon/multimon.o

.debug_frame
 *(.debug_frame)

.debug_str      0x0000000000000000     0x21a4
 *(.debug_str)
 .debug_str     0x0000000000000000      0x674 build/obj/local/mips/objs/decomon/hdlc.o
                                        0x757 (size before relaxing)
 .debug_str     0x0000000000000674      0x14c build/obj/local/mips/objs/decomon/demod_afsk12.o
                                        0x7ab (size before relaxing)
 .debug_str     0x00000000000007c0      0x333 build/obj/local/mips/objs/decomon/pocsag.o
                                        0xaff (size before relaxing)
 .debug_str     0x0000000000000af3       0x84 build/obj/local/mips/objs/decomon/demod_dtmf.o
                                        0x7a5 (size before relaxing)
 .debug_str     0x0000000000000b77       0x46 build/obj/local/mips/objs/decomon/demod_poc5.o
                                        0x6af (size before relaxing)
 .debug_str     0x0000000000000bbd       0x4b build/obj/local/mips/objs/decomon/demod_poc12.o
                                        0x6b4 (size before relaxing)
 .debug_str     0x0000000000000c08       0x4b build/obj/local/mips/objs/decomon/demod_poc24.o
                                        0x767 (size before relaxing)
 .debug_str     0x0000000000000c53       0x17 build/obj/local/mips/objs/decomon/costabf.o
                                        0x191 (size before relaxing)
 .debug_str     0x0000000000000c6a       0x1f build/obj/local/mips/objs/decomon/costabi.o
                                        0x18b (size before relaxing)
 .debug_str     0x0000000000000c89     0x151b build/obj/local/mips/objs/decomon/multimon.o
                                       0x1c83 (size before relaxing)

.debug_loc      0x0000000000000000     0x41c0
 *(.debug_loc)
 .debug_loc     0x0000000000000000      0x57b build/obj/local/mips/objs/decomon/hdlc.o
 .debug_loc     0x000000000000057b      0x441 build/obj/local/mips/objs/decomon/demod_afsk12.o
 .debug_loc     0x00000000000009bc     0x2b71 build/obj/local/mips/objs/decomon/pocsag.o
 .debug_loc     0x000000000000352d      0x3fa build/obj/local/mips/objs/decomon/demod_dtmf.o
 .debug_loc     0x0000000000003927      0x150 build/obj/local/mips/objs/decomon/demod_poc5.o
 .debug_loc     0x0000000000003a77      0x13e build/obj/local/mips/objs/decomon/demod_poc12.o
 .debug_loc     0x0000000000003bb5      0x105 build/obj/local/mips/objs/decomon/demod_poc24.o
 .debug_loc     0x0000000000003cba      0x506 build/obj/local/mips/objs/decomon/multimon.o

.debug_macinfo
 *(.debug_macinfo)

.debug_weaknames
 *(.debug_weaknames)

.debug_funcnames
 *(.debug_funcnames)

.debug_typenames
 *(.debug_typenames)

.debug_varnames
 *(.debug_varnames)

.debug_pubtypes
 *(.debug_pubtypes)

.debug_ranges   0x0000000000000000      0x9f0
 *(.debug_ranges)
 .debug_ranges  0x0000000000000000       0x20 build/obj/local/mips/objs/decomon/hdlc.o
 .debug_ranges  0x0000000000000020       0x90 build/obj/local/mips/objs/decomon/demod_afsk12.o
 .debug_ranges  0x00000000000000b0      0x7a8 build/obj/local/mips/objs/decomon/pocsag.o
 .debug_ranges  0x0000000000000858       0x70 build/obj/local/mips/objs/decomon/demod_dtmf.o
 .debug_ranges  0x00000000000008c8       0x38 build/obj/local/mips/objs/decomon/demod_poc5.o
 .debug_ranges  0x0000000000000900       0x38 build/obj/local/mips/objs/decomon/demod_poc12.o
 .debug_ranges  0x0000000000000938       0x20 build/obj/local/mips/objs/decomon/demod_poc24.o
 .debug_ranges  0x0000000000000958       0x98 build/obj/local/mips/objs/decomon/multimon.o

.debug_macro
 *(.debug_macro)

.gnu.attributes
                0x0000000000000000       0x10
 *(.gnu.attributes)
 .gnu.attributes
                0x0000000000000000       0x10 B:/Intel_INDE/IDEintegration/NDK/platforms/android-19/arch-mips/usr/lib/crtbegin_so.o
 .gnu.attributes
                0x0000000000000010       0x10 build/obj/local/mips/objs/decomon/hdlc.o
 .gnu.attributes
                0x0000000000000020       0x10 build/obj/local/mips/objs/decomon/demod_afsk12.o
 .gnu.attributes
                0x0000000000000030       0x10 build/obj/local/mips/objs/decomon/pocsag.o
 .gnu.attributes
                0x0000000000000040       0x10 build/obj/local/mips/objs/decomon/demod_dtmf.o
 .gnu.attributes
                0x0000000000000050       0x10 build/obj/local/mips/objs/decomon/demod_poc5.o
 .gnu.attributes
                0x0000000000000060       0x10 build/obj/local/mips/objs/decomon/demod_poc12.o
 .gnu.attributes
                0x0000000000000070       0x10 build/obj/local/mips/objs/decomon/demod_poc24.o
 .gnu.attributes
                0x0000000000000080       0x10 build/obj/local/mips/objs/decomon/costabf.o
 .gnu.attributes
                0x0000000000000090       0x10 build/obj/local/mips/objs/decomon/costabi.o
 .gnu.attributes
                0x00000000000000a0       0x10 build/obj/local/mips/objs/decomon/multimon.o
 .gnu.attributes
                0x00000000000000b0       0x10 B:/Intel_INDE/IDEintegration/NDK/platforms/android-19/arch-mips/usr/lib/crtend_so.o

.gptab.sdata
 *(.gptab.data)
 *(.gptab.sdata)

.gptab.sbss
 *(.gptab.bss)
 *(.gptab.sbss)

.gcc_compiled_long32
 *(.gcc_compiled_long32)

.gcc_compiled_long64
 *(.gcc_compiled_long64)

/DISCARD/
 *(.note.GNU-stack)
 *(.gnu_debuglink)
 *(.gnu.lto_*)
 *(.mdebug.*)
OUTPUT(build/obj/local/mips/libdecomon.so elf32-tradlittlemips)
